forrtl: warning (406): fort: (1): In call to I/O Write routine, an array temporary was created for argument #1

Image              PC                Routine            Line        Source             
test.exe           0000000000483A7B  kdm62d                   1930  module_mp_kdm6.F
test.exe           00000000004260E8  kdm6                      975  module_mp_kdm6.F
test.exe           000000000040A373  run_case                  279  test_pr73_species_combinations.f90
test.exe           0000000000407034  test_pr73_species          54  test_pr73_species_combinations.f90
test.exe           0000000000406F4D  Unknown               Unknown  Unknown
libc.so.6          000077D8B5E511CA  Unknown               Unknown  Unknown
libc.so.6          000077D8B5E5128B  __libc_start_main     Unknown  Unknown
test.exe           0000000000406E35  Unknown               Unknown  Unknown
forrtl: warning (406): fort: (1): In call to I/O Write routine, an array temporary was created for argument #1

Image              PC                Routine            Line        Source             
test.exe           00000000004AB896  kdm62d                   2125  module_mp_kdm6.F
test.exe           00000000004260E8  kdm6                      975  module_mp_kdm6.F
test.exe           000000000040A373  run_case                  279  test_pr73_species_combinations.f90
test.exe           0000000000407034  test_pr73_species          54  test_pr73_species_combinations.f90
test.exe           0000000000406F4D  Unknown               Unknown  Unknown
libc.so.6          000077D8B5E511CA  Unknown               Unknown  Unknown
libc.so.6          000077D8B5E5128B  __libc_start_main     Unknown  Unknown
test.exe           0000000000406E35  Unknown               Unknown  Unknown
PR73_HISTORY 02 active_to_target
PR73_COMBO 02   1.1099287271499634E+00   5.0000000000000000E+08   3.8197184000000000E+08   1.0185915625000000E+05   9.9471838378906250E+02   2.7950656127929688E+02   5.7342122308909893E-03   0.0000000000000000E+00   0.0000000000000000E+00   3.0485794013657141E-06   1.6710317140677944E-05   0.0000000000000000E+00   8.8196256000000000E+08   0.0000000000000000E+00   0.0000000000000000E+00   1.2001996612548828E+02   0.0000000000000000E+00   0.0000000000000000E+00   2.4900000425986946E-06   4.9899999794433825E-06   2.0725023932754993E-04   1.9945462554460391E-05   1.9945462554460391E-05   1.9945462554460391E-05   1.9945462554460391E-05   9.9999988079071045E-01   0.0000000000000000E+00   0.0000000000000000E+00
EOS_INPUT   9.0000000000000000E+04   2.8000000000000000E+02   5.5341511033475399E-03   1.1099287271499634E+00   1.1160712242126465E+00
KDM6_NUMBER_WRAPPER CANDIDATE PASS
