forrtl: warning (406): fort: (1): In call to I/O Write routine, an array temporary was created for argument #1

Image              PC                Routine            Line        Source             
test.exe           0000000000479D26  kdm62d                   1783  module_mp_kdm6.F
test.exe           000000000041ECFB  kdm6                      860  module_mp_kdm6.F
test.exe           0000000000409F77  run_case                  177  test.f90
test.exe           0000000000407034  test_pr70_unit_pr          45  test.f90
test.exe           0000000000406F4D  Unknown               Unknown  Unknown
libc.so.6          000075A0CA3371CA  Unknown               Unknown  Unknown
libc.so.6          000075A0CA33728B  __libc_start_main     Unknown  Unknown
test.exe           0000000000406E35  Unknown               Unknown  Unknown
forrtl: warning (406): fort: (1): In call to I/O Write routine, an array temporary was created for argument #1

Image              PC                Routine            Line        Source             
test.exe           00000000004A0385  kdm62d                   1970  module_mp_kdm6.F
test.exe           000000000041ECFB  kdm6                      860  module_mp_kdm6.F
test.exe           0000000000409F77  run_case                  177  test.f90
test.exe           0000000000407034  test_pr70_unit_pr          45  test.f90
test.exe           0000000000406F4D  Unknown               Unknown  Unknown
libc.so.6          000075A0CA3371CA  Unknown               Unknown  Unknown
libc.so.6          000075A0CA33728B  __libc_start_main     Unknown  Unknown
test.exe           0000000000406E35  Unknown               Unknown  Unknown
INPUT 0.25   5.0000000000000000E+08   5.0000000000000000E+08   4.0000000000000000E+03   1.0000000000000000E+03   2.7052755737304688E+02   1.8596090376377106E-03   8.3403531461954117E-03   2.0023691831738688E-05   9.9552416941151023E-05   1.2172446384184354E-09   2.0371044229250401E-05   4.0000000000000000E+08   9.9999923200000000E+08   2.2771126953125000E+04   9.9918566894531250E+02   5.0361698811229871E-08   4.0449478149414062E+02   1.3935845345258713E-05   1.3736049368162639E-05   2.4999999368446879E-05   2.2227761746762553E-06   2.2227761746762553E-06   1.3439642998491763E-07   1.3439642998491763E-07   1.6562269628047943E-01   2.3374590796265693E-07   2.3374590796265693E-07
INPUT 0.50   5.0000000000000000E+08   5.0000000000000000E+08   4.0000000000000000E+03   1.0000000000000000E+03   2.7052755737304688E+02   1.8596071749925613E-03   8.3403717726469040E-03   2.0003282770630904E-05   9.9578013760037720E-05   1.4831383898794570E-09   2.0374403902678750E-05   2.0000000000000000E+08   9.9999859200000000E+08   1.1385014648437500E+04   9.9927294921875000E+02   5.0370257298482102E-08   4.0449273681640625E+02   1.3935858987679239E-05   1.7300735635217279E-05   2.4999999368446879E-05   3.1753788789501414E-06   3.1753788789501414E-06   1.9006525064924062E-07   1.9006525064924062E-07   1.7400439083576202E-01   3.6246478885004763E-07   3.6246478885004763E-07
 KDM6 cold process status=NO_FEASIBLE_STEP at cell           1           1
 KDM6 cold process rejected at cell           1           1  Qfixed/Qproc=
  1.9999883E-04  2.0004240E-05  9.9601391E-05  5.2428495E-10  2.0377571E-05
  0.0000000E+00 -3.0863567E-10 -1.0727533E-09  1.3287210E-09  5.2667964E-11 
  Nfixed/Nproc=  4.9999709E+08   9530.220       999.3937      0.0000000E+00
 -6.4463750E-02 -7.0387341E-02  BGfixed/BGproc=  5.0376947E-08  1.6900246E-12 
  BGinput/massRates/rho=  5.0363820E-08  5.2854989E-07   404.5017    
  0.0000000E+00   100.0000      2.7415585E-09   500.0000      4.9892845E-10
   1000.000      BGpartnerVolumeRates=  1.3066690E-09  0.0000000E+00
  5.4831170E-12  4.9892848E-13  staleBGpartners=  0.0000000E+00  0.0000000E+00
  0.0000000E+00  Tfixed/Tproc=   250.0002      2.9627066E-07  alpha=
  0.0000000E+00
KDM6 cold rain process rejected an infeasible moment state
