forrtl: warning (406): fort: (1): In call to I/O Write routine, an array temporary was created for argument #1

Image              PC                Routine            Line        Source             
test.exe           0000000000479D76  kdm62d                   1783  module_mp_kdm6.F
test.exe           000000000041ED4B  kdm6                      860  module_mp_kdm6.F
test.exe           0000000000409FBF  run_case                  178  test.f90
test.exe           0000000000407034  test_pr70_unit_pr          45  test.f90
test.exe           0000000000406F4D  Unknown               Unknown  Unknown
libc.so.6          00007B9F860A21CA  Unknown               Unknown  Unknown
libc.so.6          00007B9F860A228B  __libc_start_main     Unknown  Unknown
test.exe           0000000000406E35  Unknown               Unknown  Unknown
forrtl: warning (406): fort: (1): In call to I/O Write routine, an array temporary was created for argument #1

Image              PC                Routine            Line        Source             
test.exe           00000000004A03D5  kdm62d                   1970  module_mp_kdm6.F
test.exe           000000000041ED4B  kdm6                      860  module_mp_kdm6.F
test.exe           0000000000409FBF  run_case                  178  test.f90
test.exe           0000000000407034  test_pr70_unit_pr          45  test.f90
test.exe           0000000000406F4D  Unknown               Unknown  Unknown
libc.so.6          00007B9F860A21CA  Unknown               Unknown  Unknown
libc.so.6          00007B9F860A228B  __libc_start_main     Unknown  Unknown
test.exe           0000000000406E35  Unknown               Unknown  Unknown
INPUT 0.25   5.0000000000000000E+08   5.0000000000000000E+08   4.0000000000000000E+03   1.0000000000000000E+03   2.7053286743164062E+02   1.8613422289490700E-03   8.3366213366389275E-03   1.9615252313087694E-05   5.9133319155080244E-05   2.1106909116497263E-05   5.3045190725242719E-05   4.0000000000000000E+08   9.9994233600000000E+08   2.2600453125000000E+04   9.2230230712890625E+02   8.2283385438586265E-08   6.4466467285156250E+02   1.3934031812823378E-05   1.3676266462425701E-05   1.3993227912578732E-04   2.2837564756628126E-04   2.2837564756628126E-04   1.9537641492206603E-05   1.9537641492206603E-05   1.8790195882320404E-01   2.3374590455205180E-05   2.3374590455205180E-05
INPUT 0.50   5.0000000000000000E+08   5.0000000000000000E+08   4.0000000000000000E+03   1.0000000000000000E+03   2.7053265380859375E+02   1.8616504967212677E-03   8.3351964130997658E-03   1.9936851458624005E-05   6.0377828049240634E-05   2.1631163690472022E-05   5.4671269026584923E-05   2.0000000000000000E+08   9.9989209600000000E+08   1.1244938476562500E+04   9.3060589599609375E+02   8.4482103090977034E-08   6.4713433837890625E+02   1.3933470654592384E-05   1.7353024304611608E-05   1.6743133892305195E-04   3.2679675496183336E-04   3.2679675496183336E-04   2.8265389119042084E-05   2.8265389119042084E-05   1.9740670919418335E-01   3.6246477975510061E-05   3.6246477975510061E-05
 KDM6 cold process status=NO_FEASIBLE_STEP at cell           1           1
 KDM6 cold process rejected at cell           1           1  Qfixed/Qproc=
  1.9991834E-04  2.0409663E-05  6.1803432E-05  2.2045453E-05  5.5934139E-05
  0.0000000E+00 -2.0634381E-08 -2.6299202E-07  2.4497075E-07  3.8655649E-08 
  Nfixed/Nproc=  4.9979520E+08   9389.421       940.9621      0.0000000E+00
  -4.228084      -5.341926      BGfixed/BGproc=  8.6151225E-08  3.0426078E-10 
  BGinput/massRates/rho=  8.4272500E-08  8.0721099E-07   654.0164    
  6.2736845E-08   100.0000      5.7896781E-09   500.0000      5.5381593E-09
   1000.000      BGpartnerVolumeRates=  1.2342366E-09  6.2736843E-10
  1.1579356E-11  5.5381593E-12  staleBGpartners=  0.0000000E+00  0.0000000E+00
  0.0000000E+00  Tfixed/Tproc=   250.0230      7.2632560E-05  alpha=
  0.0000000E+00
KDM6 cold rain process rejected an infeasible moment state
