forrtl: warning (406): fort: (1): In call to I/O Write routine, an array temporary was created for argument #1

Image              PC                Routine            Line        Source             
test.exe           0000000000479E26  kdm62d                   1766  module_mp_kdm6.F
test.exe           000000000041EDFB  kdm6                      843  module_mp_kdm6.F
test.exe           0000000000409FF9  run_case                  177  test.f90
test.exe           0000000000407034  test_kdm6_number_          45  test.f90
test.exe           0000000000406F4D  Unknown               Unknown  Unknown
libc.so.6          0000722815C701CA  Unknown               Unknown  Unknown
libc.so.6          0000722815C7028B  __libc_start_main     Unknown  Unknown
test.exe           0000000000406E35  Unknown               Unknown  Unknown
forrtl: warning (406): fort: (1): In call to I/O Write routine, an array temporary was created for argument #1

Image              PC                Routine            Line        Source             
test.exe           00000000004A0485  kdm62d                   1953  module_mp_kdm6.F
test.exe           000000000041EDFB  kdm6                      843  module_mp_kdm6.F
test.exe           0000000000409FF9  run_case                  177  test.f90
test.exe           0000000000407034  test_kdm6_number_          45  test.f90
test.exe           0000000000406F4D  Unknown               Unknown  Unknown
libc.so.6          0000722815C701CA  Unknown               Unknown  Unknown
libc.so.6          0000722815C7028B  __libc_start_main     Unknown  Unknown
test.exe           0000000000406E35  Unknown               Unknown  Unknown
 KDM6 cold process status=NO_FEASIBLE_STEP at cell           1           1
 KDM6 cold process rejected at cell           1           1  Qfixed/Qproc=
  1.9987939E-04  1.9638543E-05  1.0714765E-04  5.3522509E-08  1.0441184E-10
  0.0000000E+00 -4.2711847E-07 -6.2390926E-10  4.2774238E-07  0.0000000E+00 
  Nfixed/Nproc=  1.2492443E+08   5667.079       84754.36      0.0000000E+00
  -7.484363      -58.49331      BGfixed/BGproc=  1.1601316E-13  8.5486079E-10 
  BGinput/massRates/rho=  1.4847159E-14  9.1049397E-11   900.0000    
  0.0000000E+00   100.0000      0.0000000E+00   500.0000      0.0000000E+00
   1000.000      BGpartnerVolumeRates=  1.0116600E-13  0.0000000E+00
  0.0000000E+00  0.0000000E+00  staleBGpartners=  0.0000000E+00  0.0000000E+00
  0.0000000E+00  Tfixed/Tproc=   250.0200      1.7230990E-07  alpha=
  0.0000000E+00
KDM6 cold rain process rejected an infeasible moment state
