module_bl_shinhong.F(9): remark #7712: This variable has not been used.   [TH3D]
   subroutine shinhong(u3d,v3d,th3d,t3d,qv3d,qc3d,qi3d,p3d,p3di,pi3d,          &
-------------------------------^
module_bl_shinhong.F(11): remark #7712: This variable has not been used.   [FLAG_QI]
                  rqvblten,rqcblten,rqiblten,flag_qi,                          &
---------------------------------------------^
module_bl_shinhong.F(310): remark #7712: This variable has not been used.   [ROVCP]
                  cp,g,rovcp,rd,rovg,ep1,ep2,karman,xlv,rv,                    &
-----------------------^
module_bl_shinhong.F(310): remark #7712: This variable has not been used.   [ROVG]
                  cp,g,rovcp,rd,rovg,ep1,ep2,karman,xlv,rv,                    &
--------------------------------^
module_bl_shinhong.F(310): remark #7712: This variable has not been used.   [EP2]
                  cp,g,rovcp,rd,rovg,ep1,ep2,karman,xlv,rv,                    &
-----------------------------------------^
module_bl_shinhong.F(14): remark #7712: This variable has not been used.   [ZNU]
                  znu,znw,p_top,                                               &
------------------^
module_bl_shinhong.F(14): remark #7712: This variable has not been used.   [ZNW]
                  znu,znw,p_top,                                               &
----------------------^
module_bl_shinhong.F(14): remark #7712: This variable has not been used.   [P_TOP]
                  znu,znw,p_top,                                               &
--------------------------^
module_bl_shinhong.F(2315): remark #7712: This variable has not been used.   [IDS]
                      ids, ide, jds, jde, kds, kde,                            &
----------------------^
module_bl_shinhong.F(2208): remark #7712: This variable has not been used.   [IDS]
                    ids,ide,jds,jde,kds,kde,                                   &
--------------------^
module_bl_shinhong.F(2097): remark #7712: This variable has not been used.   [IDS]
                     ids,ide,jds,jde,kds,kde,                                  &
---------------------^
module_bl_shinhong.F(1856): remark #7712: This variable has not been used.   [IDS]
                     ids,ide,jds,jde,kds,kde,                                  &
---------------------^
module_bl_shinhong.F(2208): remark #7712: This variable has not been used.   [IDE]
                    ids,ide,jds,jde,kds,kde,                                   &
------------------------^
module_bl_shinhong.F(2097): remark #7712: This variable has not been used.   [IDE]
                     ids,ide,jds,jde,kds,kde,                                  &
-------------------------^
module_bl_shinhong.F(1856): remark #7712: This variable has not been used.   [IDE]
                     ids,ide,jds,jde,kds,kde,                                  &
-------------------------^
module_bl_shinhong.F(2315): remark #7712: This variable has not been used.   [JDS]
                      ids, ide, jds, jde, kds, kde,                            &
--------------------------------^
module_bl_shinhong.F(2208): remark #7712: This variable has not been used.   [JDS]
                    ids,ide,jds,jde,kds,kde,                                   &
----------------------------^
module_bl_shinhong.F(2097): remark #7712: This variable has not been used.   [JDS]
                     ids,ide,jds,jde,kds,kde,                                  &
-----------------------------^
module_bl_shinhong.F(1856): remark #7712: This variable has not been used.   [JDS]
                     ids,ide,jds,jde,kds,kde,                                  &
-----------------------------^
module_bl_shinhong.F(2208): remark #7712: This variable has not been used.   [JDE]
                    ids,ide,jds,jde,kds,kde,                                   &
--------------------------------^
module_bl_shinhong.F(2097): remark #7712: This variable has not been used.   [JDE]
                     ids,ide,jds,jde,kds,kde,                                  &
---------------------------------^
module_bl_shinhong.F(1856): remark #7712: This variable has not been used.   [JDE]
                     ids,ide,jds,jde,kds,kde,                                  &
---------------------------------^
module_bl_shinhong.F(2315): remark #7712: This variable has not been used.   [KDS]
                      ids, ide, jds, jde, kds, kde,                            &
------------------------------------------^
module_bl_shinhong.F(2208): remark #7712: This variable has not been used.   [KDS]
                    ids,ide,jds,jde,kds,kde,                                   &
------------------------------------^
module_bl_shinhong.F(2097): remark #7712: This variable has not been used.   [KDS]
                     ids,ide,jds,jde,kds,kde,                                  &
-------------------------------------^
module_bl_shinhong.F(1856): remark #7712: This variable has not been used.   [KDS]
                     ids,ide,jds,jde,kds,kde,                                  &
-------------------------------------^
module_bl_shinhong.F(2208): remark #7712: This variable has not been used.   [KDE]
                    ids,ide,jds,jde,kds,kde,                                   &
----------------------------------------^
module_bl_shinhong.F(2097): remark #7712: This variable has not been used.   [KDE]
                     ids,ide,jds,jde,kds,kde,                                  &
-----------------------------------------^
module_bl_shinhong.F(1856): remark #7712: This variable has not been used.   [KDE]
                     ids,ide,jds,jde,kds,kde,                                  &
-----------------------------------------^
module_bl_shinhong.F(2209): remark #7712: This variable has not been used.   [IMS]
                    ims,ime,jms,jme,kms,kme,                                   &
--------------------^
module_bl_shinhong.F(2098): remark #7712: This variable has not been used.   [IMS]
                     ims,ime,jms,jme,kms,kme,                                  &
---------------------^
module_bl_shinhong.F(1857): remark #7712: This variable has not been used.   [IMS]
                     ims,ime,jms,jme,kms,kme,                                  &
---------------------^
module_bl_shinhong.F(2209): remark #7712: This variable has not been used.   [IME]
                    ims,ime,jms,jme,kms,kme,                                   &
------------------------^
module_bl_shinhong.F(2098): remark #7712: This variable has not been used.   [IME]
                     ims,ime,jms,jme,kms,kme,                                  &
-------------------------^
module_bl_shinhong.F(1857): remark #7712: This variable has not been used.   [IME]
                     ims,ime,jms,jme,kms,kme,                                  &
-------------------------^
module_bl_shinhong.F(2209): remark #7712: This variable has not been used.   [JMS]
                    ims,ime,jms,jme,kms,kme,                                   &
----------------------------^
module_bl_shinhong.F(2098): remark #7712: This variable has not been used.   [JMS]
                     ims,ime,jms,jme,kms,kme,                                  &
-----------------------------^
module_bl_shinhong.F(1857): remark #7712: This variable has not been used.   [JMS]
                     ims,ime,jms,jme,kms,kme,                                  &
-----------------------------^
module_bl_shinhong.F(2209): remark #7712: This variable has not been used.   [JME]
                    ims,ime,jms,jme,kms,kme,                                   &
--------------------------------^
module_bl_shinhong.F(2098): remark #7712: This variable has not been used.   [JME]
                     ims,ime,jms,jme,kms,kme,                                  &
---------------------------------^
module_bl_shinhong.F(1857): remark #7712: This variable has not been used.   [JME]
                     ims,ime,jms,jme,kms,kme,                                  &
---------------------------------^
module_bl_shinhong.F(2209): remark #7712: This variable has not been used.   [KMS]
                    ims,ime,jms,jme,kms,kme,                                   &
------------------------------------^
module_bl_shinhong.F(2098): remark #7712: This variable has not been used.   [KMS]
                     ims,ime,jms,jme,kms,kme,                                  &
-------------------------------------^
module_bl_shinhong.F(1857): remark #7712: This variable has not been used.   [KMS]
                     ims,ime,jms,jme,kms,kme,                                  &
-------------------------------------^
module_bl_shinhong.F(2209): remark #7712: This variable has not been used.   [KME]
                    ims,ime,jms,jme,kms,kme,                                   &
----------------------------------------^
module_bl_shinhong.F(2098): remark #7712: This variable has not been used.   [KME]
                     ims,ime,jms,jme,kms,kme,                                  &
-----------------------------------------^
module_bl_shinhong.F(1857): remark #7712: This variable has not been used.   [KME]
                     ims,ime,jms,jme,kms,kme,                                  &
-----------------------------------------^
module_bl_shinhong.F(2210): remark #7712: This variable has not been used.   [ITS]
                    its,ite,jts,jte,kts,kte)
--------------------^
module_bl_shinhong.F(2099): remark #7712: This variable has not been used.   [ITS]
                     its,ite,jts,jte,kts,kte)
---------------------^
module_bl_shinhong.F(1858): remark #7712: This variable has not been used.   [ITS]
                     its,ite,jts,jte,kts,kte)
---------------------^
module_bl_shinhong.F(2210): remark #7712: This variable has not been used.   [ITE]
                    its,ite,jts,jte,kts,kte)
------------------------^
module_bl_shinhong.F(2099): remark #7712: This variable has not been used.   [ITE]
                     its,ite,jts,jte,kts,kte)
-------------------------^
module_bl_shinhong.F(1858): remark #7712: This variable has not been used.   [ITE]
                     its,ite,jts,jte,kts,kte)
-------------------------^
module_bl_shinhong.F(2210): remark #7712: This variable has not been used.   [JTS]
                    its,ite,jts,jte,kts,kte)
----------------------------^
module_bl_shinhong.F(2099): remark #7712: This variable has not been used.   [JTS]
                     its,ite,jts,jte,kts,kte)
-----------------------------^
module_bl_shinhong.F(1858): remark #7712: This variable has not been used.   [JTS]
                     its,ite,jts,jte,kts,kte)
-----------------------------^
module_bl_shinhong.F(2210): remark #7712: This variable has not been used.   [JTE]
                    its,ite,jts,jte,kts,kte)
--------------------------------^
module_bl_shinhong.F(2099): remark #7712: This variable has not been used.   [JTE]
                     its,ite,jts,jte,kts,kte)
---------------------------------^
module_bl_shinhong.F(1858): remark #7712: This variable has not been used.   [JTE]
                     its,ite,jts,jte,kts,kte)
---------------------------------^
module_bl_shinhong.F(327): remark #7712: This variable has not been used.   [REGIME]
                  regime )
------------------^
module_bl_shinhong.F(466): remark #7712: This variable has not been used.   [N]
   integer ::  n,i,k,l,ic,is,nwmass
---------------^
module_bl_shinhong.F(466): remark #7712: This variable has not been used.   [L]
   integer ::  n,i,k,l,ic,is,nwmass
---------------------^
module_bl_shinhong.F(2091): remark #7712: This variable has not been used.   [LMH]
   subroutine prodq2(lmh,dtturbl,ustar,s2,ri,q2,el,z,akm,akh,                  &
---------------------^
module_bl_shinhong.F(1852): remark #7712: This variable has not been used.   [LMXL]
                     s2,gh,ri,el,hpbl,lpbl,lmxl,ct,                            &
-------------------------------------------^
module_bl_shinhong.F(2243): remark #7712: This variable has not been used.   [RDZ]
   real    :: elqdz,esh,esm,esqhf,ghl,gml,q1l,rden,rdz
---------------------------------------------------^
module_bl_shinhong.F(481): remark #7712: This variable has not been used.   [AMF4]
   real    ::  amf1,amf2,bmf2,amf3,bmf3,amf4,bmf4,sflux0,snlflux0
----------------------------------------^
module_bl_shinhong.F(481): remark #7712: This variable has not been used.   [BMF4]
   real    ::  amf1,amf2,bmf2,amf3,bmf3,amf4,bmf4,sflux0,snlflux0
---------------------------------------------^
module_bl_shinhong.F(490): remark #7712: This variable has not been used.   [HOL]
   real,     dimension( its:ite )            ::                           hol
--------------------------------------------------------------------------^
module_bl_shinhong.F(2204): remark #7712: This variable has not been used.   [EL]
   subroutine vdifq(lmh,dtdif,q2,el,z,                                         &
---------------------------------^
module_bl_shinhong.F(2242): remark #7712: This variable has not been used.   [ADEN]
   real    :: aden,akqs,bden,besh,besm,cden,cf,dtozs,ell,eloq2,eloq4
--------------^
module_bl_shinhong.F(2242): remark #7712: This variable has not been used.   [BDEN]
   real    :: aden,akqs,bden,besh,besm,cden,cf,dtozs,ell,eloq2,eloq4
------------------------^
module_bl_shinhong.F(1943): remark #7712: This variable has not been used.   [BLMX]
   real    :: a,aden,b,bden,aubr,bubr,blmx,el0,eloq2x,ghl,s2l,                 &
--------------------------------------^
module_bl_shinhong.F(2243): remark #7712: This variable has not been used.   [GHL]
   real    :: elqdz,esh,esm,esqhf,ghl,gml,q1l,rden,rdz
----------------------------------^
module_bl_shinhong.F(2242): remark #7712: This variable has not been used.   [BESH]
   real    :: aden,akqs,bden,besh,besm,cden,cf,dtozs,ell,eloq2,eloq4
-----------------------------^
module_bl_shinhong.F(2242): remark #7712: This variable has not been used.   [BESM]
   real    :: aden,akqs,bden,besh,besm,cden,cf,dtozs,ell,eloq2,eloq4
----------------------------------^
module_bl_shinhong.F(2242): remark #7712: This variable has not been used.   [CDEN]
   real    :: aden,akqs,bden,besh,besm,cden,cf,dtozs,ell,eloq2,eloq4
---------------------------------------^
module_bl_shinhong.F(2242): remark #7712: This variable has not been used.   [ELL]
   real    :: aden,akqs,bden,besh,besm,cden,cf,dtozs,ell,eloq2,eloq4
-----------------------------------------------------^
module_bl_shinhong.F(2242): remark #7712: This variable has not been used.   [ELOQ2]
   real    :: aden,akqs,bden,besh,besm,cden,cf,dtozs,ell,eloq2,eloq4
---------------------------------------------------------^
module_bl_shinhong.F(2242): remark #7712: This variable has not been used.   [ELOQ4]
   real    :: aden,akqs,bden,besh,besm,cden,cf,dtozs,ell,eloq2,eloq4
---------------------------------------------------------------^
module_bl_shinhong.F(2243): remark #7712: This variable has not been used.   [ELQDZ]
   real    :: elqdz,esh,esm,esqhf,ghl,gml,q1l,rden,rdz
--------------^
module_bl_shinhong.F(2243): remark #7712: This variable has not been used.   [ESH]
   real    :: elqdz,esh,esm,esqhf,ghl,gml,q1l,rden,rdz
--------------------^
module_bl_shinhong.F(2243): remark #7712: This variable has not been used.   [ESM]
   real    :: elqdz,esh,esm,esqhf,ghl,gml,q1l,rden,rdz
------------------------^
module_bl_shinhong.F(2243): remark #7712: This variable has not been used.   [GML]
   real    :: elqdz,esh,esm,esqhf,ghl,gml,q1l,rden,rdz
--------------------------------------^
module_bl_shinhong.F(2243): remark #7712: This variable has not been used.   [Q1L]
   real    :: elqdz,esh,esm,esqhf,ghl,gml,q1l,rden,rdz
------------------------------------------^
module_bl_shinhong.F(2243): remark #7712: This variable has not been used.   [RDEN]
   real    :: elqdz,esh,esm,esqhf,ghl,gml,q1l,rden,rdz
----------------------------------------------^
module_bl_shinhong.F(2314): remark #7712: This variable has not been used.   [ALLOWED_TO_READ]
                      restart, allowed_to_read,                                &
-------------------------------^
module_pbl_driver.F(472): warning #5268: Extension to standard: The text exceeds right hand column allowed on the line.
        INTENT(IN   ) , OPTIONAL ::                                        fnm,  & !Factors for interpolation at "w" grid (interfaces)
------------------------------------------------------------------------------------------------------------------------------------^
module_pbl_driver.F(645): warning #5268: Extension to standard: The text exceeds right hand column allowed on the line.
   REAL, OPTIONAL, DIMENSION( ims:ime, kms:kme, jms:jme ), INTENT(INOUT) ::a_u_bep        ! Implicit component for the momemtum in X-direction
------------------------------------------------------------------------------------------------------------------------------------^
module_pbl_driver.F(651): warning #5268: Extension to standard: The text exceeds right hand column allowed on the line.
   REAL, OPTIONAL, DIMENSION( ims:ime, kms:kme, jms:jme ), INTENT(INOUT) ::b_u_bep        ! Explicit component for the momemtum in X-direction
------------------------------------------------------------------------------------------------------------------------------------^
module_pbl_driver.F(658): warning #5268: Extension to standard: The text exceeds right hand column allowed on the line.
   REAL, OPTIONAL, DIMENSION( ims:ime, kms:kme, jms:jme ), INTENT(INOUT) ::dlg_bep        ! Height above ground (L_ground in formula (24) of the BLM paper).
------------------------------------------------------------------------------------------------------------------------------------^
module_pbl_driver.F(659): warning #5268: Extension to standard: The text exceeds right hand column allowed on the line.
   REAL, OPTIONAL, DIMENSION( ims:ime, kms:kme, jms:jme ), INTENT(INOUT) ::dl_u_bep        ! Length scale (lb in formula (22) ofthe BLM paper).
------------------------------------------------------------------------------------------------------------------------------------^
module_pbl_driver.F(837): warning #7346: The CHARACTER* form of a CHARACTER declaration is an obsolescent feature in Fortran 2008.
   CHARACTER*256 :: message
-------------^
module_pbl_driver.F(856): warning #7346: The CHARACTER* form of a CHARACTER declaration is an obsolescent feature in Fortran 2008.
   character*256 :: errmsg
-------------^
module_pbl_driver.F(986): warning #8889: Explicit interface or EXTERNAL declaration is required.   [WRF_MESSAGE]
               call wrf_message("WARNING: When using an adaptive time-step the boundary layer"// &
--------------------^
module_pbl_driver.F(988): warning #8889: Explicit interface or EXTERNAL declaration is required.   [WRF_MESSAGE]
               call wrf_message("In order to proceed, for boundary layer calculations, the "// &
--------------------^
module_pbl_driver.F(991): warning #8889: Explicit interface or EXTERNAL declaration is required.   [WRF_MESSAGE]
               call wrf_message("possibly resulting in innacurate results.")
--------------------^
module_pbl_driver.F(1171): warning #8889: Explicit interface or EXTERNAL declaration is required.   [WRF_DEBUG]
        CALL wrf_debug(100,'in TEMF PBL')
-------------^
module_pbl_driver.F(1211): warning #8889: Explicit interface or EXTERNAL declaration is required.   [WRF_ERROR_FATAL]
               CALL wrf_error_fatal('Lack arguments to call TEMF pbl')
--------------------^
module_pbl_driver.F(1215): warning #8889: Explicit interface or EXTERNAL declaration is required.   [WRF_DEBUG]
        CALL wrf_debug(100,'in YSU PBL')
-------------^
module_pbl_driver.F(1295): warning #8889: Explicit interface or EXTERNAL declaration is required.   [WRF_DEBUG]
               CALL wrf_debug(0,message)
--------------------^
module_pbl_driver.F(1296): warning #8889: Explicit interface or EXTERNAL declaration is required.   [WRF_ERROR_FATAL]
               CALL wrf_error_fatal('Lack arguments to call YSU pbl')
--------------------^
module_pbl_driver.F(1300): warning #8889: Explicit interface or EXTERNAL declaration is required.   [WRF_DEBUG]
        CALL wrf_debug(100,'in SHINHONG PBL')
-------------^
module_pbl_driver.F(1462): warning #8889: Explicit interface or EXTERNAL declaration is required.   [WRF_DEBUG]
               CALL wrf_debug(0,message)
--------------------^
module_pbl_driver.F(1463): warning #8889: Explicit interface or EXTERNAL declaration is required.   [WRF_ERROR_FATAL]
               CALL wrf_error_fatal('Lack arguments to call SHINHONG pbl')
--------------------^
module_pbl_driver.F(1472): warning #8889: Explicit interface or EXTERNAL declaration is required.   [WRF_DEBUG]
             CALL wrf_debug(100,'in MRF')
------------------^
module_pbl_driver.F(1511): warning #8889: Explicit interface or EXTERNAL declaration is required.   [WRF_DEBUG]
               CALL wrf_debug(0,message)
--------------------^
module_pbl_driver.F(1512): warning #8889: Explicit interface or EXTERNAL declaration is required.   [WRF_ERROR_FATAL]
               CALL wrf_error_fatal('Lack arguments to call MRF pbl')
--------------------^
module_pbl_driver.F(1519): warning #8889: Explicit interface or EXTERNAL declaration is required.   [WRF_DEBUG]
             CALL wrf_debug(100,'in GFS')
------------------^
module_pbl_driver.F(1550): warning #8889: Explicit interface or EXTERNAL declaration is required.   [WRF_DEBUG]
               CALL wrf_debug(0,message)
--------------------^
module_pbl_driver.F(1551): warning #8889: Explicit interface or EXTERNAL declaration is required.   [WRF_ERROR_FATAL]
               CALL wrf_error_fatal('Lack arguments to call GFS pbl')
--------------------^
module_pbl_driver.F(1559): warning #8889: Explicit interface or EXTERNAL declaration is required.   [WRF_DEBUG]
             CALL wrf_debug(100,'in MYJPBL')
------------------^
module_pbl_driver.F(1625): warning #8889: Explicit interface or EXTERNAL declaration is required.   [WRF_DEBUG]
               CALL wrf_debug(0,message)
--------------------^
module_pbl_driver.F(1626): warning #8889: Explicit interface or EXTERNAL declaration is required.   [WRF_ERROR_FATAL]
               CALL wrf_error_fatal('Lack arguments to call MYJ pbl')
--------------------^
module_pbl_driver.F(1634): warning #8889: Explicit interface or EXTERNAL declaration is required.   [WRF_DEBUG]
               CALL wrf_debug(100,'in MFSHCONVPBL')
--------------------^
module_pbl_driver.F(1653): warning #8889: Explicit interface or EXTERNAL declaration is required.   [WRF_DEBUG]
             CALL wrf_debug(100,'in QNSEPBL')
------------------^
module_pbl_driver.F(1695): warning #8889: Explicit interface or EXTERNAL declaration is required.   [WRF_DEBUG]
               CALL wrf_debug(0,message)
--------------------^
module_pbl_driver.F(1696): warning #8889: Explicit interface or EXTERNAL declaration is required.   [WRF_ERROR_FATAL]
               CALL wrf_error_fatal('Lack arguments to call QNSE pbl')
--------------------^
module_pbl_driver.F(1705): warning #8889: Explicit interface or EXTERNAL declaration is required.   [WRF_DEBUG]
             CALL wrf_debug(100,'in ACM PBL')
------------------^
module_pbl_driver.F(1737): warning #8889: Explicit interface or EXTERNAL declaration is required.   [WRF_DEBUG]
               CALL wrf_debug(0,message)
--------------------^
module_pbl_driver.F(1738): warning #8889: Explicit interface or EXTERNAL declaration is required.   [WRF_ERROR_FATAL]
               CALL wrf_error_fatal('Lack arguments to call ACM2 pbl')
--------------------^
module_pbl_driver.F(1755): warning #8889: Explicit interface or EXTERNAL declaration is required.   [WRF_DEBUG]
              CALL wrf_debug(100,'in MYNNPBL')
-------------------^
module_pbl_driver.F(1884): warning #8889: Explicit interface or EXTERNAL declaration is required.   [WRF_DEBUG]
               CALL wrf_debug(0,message)
--------------------^
module_pbl_driver.F(1885): warning #8889: Explicit interface or EXTERNAL declaration is required.   [WRF_ERROR_FATAL]
              CALL wrf_error_fatal('Lack arguments to call MYNN pbl')
-------------------^
module_pbl_driver.F(1952): warning #8889: Explicit interface or EXTERNAL declaration is required.   [WRF_DEBUG]
                CALL wrf_debug(100,'in EEPSPBL')
---------------------^
module_pbl_driver.F(1986): warning #8889: Explicit interface or EXTERNAL declaration is required.   [WRF_DEBUG]
               CALL wrf_debug(0,message)
--------------------^
module_pbl_driver.F(1987): warning #8889: Explicit interface or EXTERNAL declaration is required.   [WRF_ERROR_FATAL]
               CALL wrf_error_fatal('Lack arguments to call EEPS pbl')
--------------------^
module_pbl_driver.F(1993): warning #8889: Explicit interface or EXTERNAL declaration is required.   [WRF_DEBUG]
             CALL wrf_debug(100,'in keps')
------------------^
module_pbl_driver.F(2025): warning #8889: Explicit interface or EXTERNAL declaration is required.   [WRF_DEBUG]
             CALL wrf_debug(100,'in boulac')
------------------^
module_pbl_driver.F(2048): warning #8889: Explicit interface or EXTERNAL declaration is required.   [WRF_DEBUG]
              CALL wrf_debug(100,'in camuwpbl')
-------------------^
module_pbl_driver.F(2098): warning #8889: Explicit interface or EXTERNAL declaration is required.   [WRF_DEBUG]
                 CALL wrf_debug(0,message)
----------------------^
module_pbl_driver.F(2099): warning #8889: Explicit interface or EXTERNAL declaration is required.   [WRF_ERROR_FATAL]
                 CALL wrf_error_fatal('Lack arguments to call CAMUWPBL pbl')
----------------------^
module_pbl_driver.F(2105): warning #8889: Explicit interface or EXTERNAL declaration is required.   [WRF_DEBUG]
               CALL wrf_debug(100,'in gbmpbl') 
--------------------^
module_pbl_driver.F(2132): warning #8889: Explicit interface or EXTERNAL declaration is required.   [WRF_ERROR_FATAL]
               CALL wrf_error_fatal('Lack arguments to call GBM pbl')
--------------------^
module_pbl_driver.F(2155): warning #8889: Explicit interface or EXTERNAL declaration is required.   [WRF_ERROR_FATAL]
       CALL wrf_error_fatal ( message )
------------^
module_pbl_driver.F(2170): warning #8889: Explicit interface or EXTERNAL declaration is required.   [WRF_DEBUG]
                     CALL wrf_debug(100,'in phys/module_wind_fitch.F')
--------------------------^
module_pbl_driver.F(2198): warning #8889: Explicit interface or EXTERNAL declaration is required.   [WRF_DEBUG]
                     CALL wrf_debug(0,message)
--------------------------^
module_pbl_driver.F(2199): warning #8889: Explicit interface or EXTERNAL declaration is required.   [WRF_ERROR_FATAL]
                     CALL wrf_error_fatal('Lack arguments to call turbine_drag')
--------------------------^
module_pbl_driver.F(2206): warning #8889: Explicit interface or EXTERNAL declaration is required.   [WRF_DEBUG]
                     CALL wrf_debug(100,'in phys/module_wind_mav.F')
--------------------------^
module_pbl_driver.F(2239): warning #8889: Explicit interface or EXTERNAL declaration is required.   [WRF_DEBUG]
                     CALL wrf_debug(0,message)
--------------------------^
module_pbl_driver.F(2240): warning #8889: Explicit interface or EXTERNAL declaration is required.   [WRF_ERROR_FATAL]
                     CALL wrf_error_fatal('Lack arguments to call dragforce_mav')
--------------------------^
module_pbl_driver.F(2321): warning #8889: Explicit interface or EXTERNAL declaration is required.   [WRF_ERROR_FATAL]
          CALL wrf_error_fatal('Missing args for bl_fogdes in pbl driver')
---------------^
module_pbl_driver.F(18): remark #7712: This variable has not been used.   [GRDFLX]
                 ,ust,pblh,hfx,qfx,grdflx,hpbl_hold                &
-----------------------------------^
module_pbl_driver.F(26): remark #7712: This variable has not been used.   [AREA2D]
                 ,dx2d ,area2d                                     &
------------------------^
module_pbl_driver.F(27): remark #7712: This variable has not been used.   [WARM_RAIN]
                 ,stepbl,warm_rain                                 &
-------------------------^
module_pbl_driver.F(44): remark #7712: This variable has not been used.   [QCG]
                 ,tsq,qsq,cov,rmol,ch,qcg,grav_settling            & 
--------------------------------------^
module_pbl_driver.F(2716): remark #7712: This variable has not been used.   [IDS]
              ,IDS,IDE,JDS,JDE,KDS,KDE      &
---------------^
module_pbl_driver.F(2516): remark #7712: This variable has not been used.   [IDS]
              ,IDS,IDE,JDS,JDE,KDS,KDE      &
---------------^
module_pbl_driver.F(2716): remark #7712: This variable has not been used.   [IDE]
              ,IDS,IDE,JDS,JDE,KDS,KDE      &
-------------------^
module_pbl_driver.F(2516): remark #7712: This variable has not been used.   [IDE]
              ,IDS,IDE,JDS,JDE,KDS,KDE      &
-------------------^
module_pbl_driver.F(2716): remark #7712: This variable has not been used.   [JDS]
              ,IDS,IDE,JDS,JDE,KDS,KDE      &
-----------------------^
module_pbl_driver.F(2516): remark #7712: This variable has not been used.   [JDS]
              ,IDS,IDE,JDS,JDE,KDS,KDE      &
-----------------------^
module_pbl_driver.F(2716): remark #7712: This variable has not been used.   [JDE]
              ,IDS,IDE,JDS,JDE,KDS,KDE      &
---------------------------^
module_pbl_driver.F(2516): remark #7712: This variable has not been used.   [JDE]
              ,IDS,IDE,JDS,JDE,KDS,KDE      &
---------------------------^
module_pbl_driver.F(2716): remark #7712: This variable has not been used.   [KDS]
              ,IDS,IDE,JDS,JDE,KDS,KDE      &
-------------------------------^
module_pbl_driver.F(2516): remark #7712: This variable has not been used.   [KDS]
              ,IDS,IDE,JDS,JDE,KDS,KDE      &
-------------------------------^
module_pbl_driver.F(2716): remark #7712: This variable has not been used.   [KDE]
              ,IDS,IDE,JDS,JDE,KDS,KDE      &
-----------------------------------^
module_pbl_driver.F(2516): remark #7712: This variable has not been used.   [KDE]
              ,IDS,IDE,JDS,JDE,KDS,KDE      &
-----------------------------------^
module_pbl_driver.F(117): remark #7712: This variable has not been used.   [PHB]
               ,phb,xlat_u,xlong_u,xlat_v,xlong_v,id                 &
----------------^
module_pbl_driver.F(117): remark #7712: This variable has not been used.   [XLAT_U]
               ,phb,xlat_u,xlong_u,xlat_v,xlong_v,id                 &
--------------------^
module_pbl_driver.F(117): remark #7712: This variable has not been used.   [XLONG_U]
               ,phb,xlat_u,xlong_u,xlat_v,xlong_v,id                 &
---------------------------^
module_pbl_driver.F(117): remark #7712: This variable has not been used.   [XLAT_V]
               ,phb,xlat_u,xlong_u,xlat_v,xlong_v,id                 &
-----------------------------------^
module_pbl_driver.F(117): remark #7712: This variable has not been used.   [XLONG_V]
               ,phb,xlat_u,xlong_u,xlat_v,xlong_v,id                 &
------------------------------------------^
module_pbl_driver.F(131): remark #7712: This variable has not been used.   [FNM]
               , fnm,fnp                                             &
-----------------^
module_pbl_driver.F(131): remark #7712: This variable has not been used.   [FNP]
               , fnm,fnp                                             &
---------------------^
module_pbl_driver.F(831): remark #7712: This variable has not been used.   [NK]
   INTEGER :: i,J,K,NK,jj,ij,its,ite,jts,jte
--------------------^
module_pbl_driver.F(831): remark #7712: This variable has not been used.   [JJ]
   INTEGER :: i,J,K,NK,jj,ij,its,ite,jts,jte
-----------------------^
module_pbl_driver.F(838): remark #7712: This variable has not been used.   [NEXT_BL_TIME]
   REAL    :: next_bl_time
--------------^
module_pbl_driver.F(841): remark #7712: This variable has not been used.   [IU_BEP]
   integer iu_bep,iurb,idiff
-----------^
module_pbl_driver.F(841): remark #7712: This variable has not been used.   [IURB]
   integer iu_bep,iurb,idiff
------------------^
module_pbl_driver.F(842): remark #7712: This variable has not been used.   [SEAMASK]
   real seamask,thsk,zzz,unew,vnew,tnew,qnew,umom,vmom
--------^
module_pbl_driver.F(842): remark #7712: This variable has not been used.   [THSK]
   real seamask,thsk,zzz,unew,vnew,tnew,qnew,umom,vmom
----------------^
module_pbl_driver.F(842): remark #7712: This variable has not been used.   [ZZZ]
   real seamask,thsk,zzz,unew,vnew,tnew,qnew,umom,vmom
---------------------^
module_pbl_driver.F(842): remark #7712: This variable has not been used.   [UNEW]
   real seamask,thsk,zzz,unew,vnew,tnew,qnew,umom,vmom
-------------------------^
module_pbl_driver.F(842): remark #7712: This variable has not been used.   [VNEW]
   real seamask,thsk,zzz,unew,vnew,tnew,qnew,umom,vmom
------------------------------^
module_pbl_driver.F(842): remark #7712: This variable has not been used.   [TNEW]
   real seamask,thsk,zzz,unew,vnew,tnew,qnew,umom,vmom
-----------------------------------^
module_pbl_driver.F(842): remark #7712: This variable has not been used.   [QNEW]
   real seamask,thsk,zzz,unew,vnew,tnew,qnew,umom,vmom
----------------------------------------^
module_pbl_driver.F(842): remark #7712: This variable has not been used.   [UMOM]
   real seamask,thsk,zzz,unew,vnew,tnew,qnew,umom,vmom
---------------------------------------------^
module_pbl_driver.F(842): remark #7712: This variable has not been used.   [VMOM]
   real seamask,thsk,zzz,unew,vnew,tnew,qnew,umom,vmom
--------------------------------------------------^
module_pbl_driver.F(843): remark #7712: This variable has not been used.   [Z0]
   REAL :: z0,z1,z2,w1,w2
-----------^
module_pbl_driver.F(843): remark #7712: This variable has not been used.   [Z1]
   REAL :: z0,z1,z2,w1,w2
--------------^
module_pbl_driver.F(843): remark #7712: This variable has not been used.   [Z2]
   REAL :: z0,z1,z2,w1,w2
-----------------^
module_pbl_driver.F(843): remark #7712: This variable has not been used.   [W1]
   REAL :: z0,z1,z2,w1,w2
--------------------^
module_pbl_driver.F(843): remark #7712: This variable has not been used.   [W2]
   REAL :: z0,z1,z2,w1,w2
-----------------------^
module_pbl_driver.F(2871): remark #7712: This variable has not been used.   [DF]
        real cddz(kms:kme),fc(kms:kme),df(kms:kme)
---------------------------------------^
