forrtl: warning (406): fort: (1): In call to I/O Write routine, an array temporary was created for argument #1

Image              PC                Routine            Line        Source             
test.exe           00000000004839FB  kdm62d                   1930  module_mp_kdm6.F
test.exe           0000000000426068  kdm6                      975  module_mp_kdm6.F
test.exe           000000000040A373  run_case                  279  test_pr73_species_combinations.f90
test.exe           0000000000407034  test_pr73_species          54  test_pr73_species_combinations.f90
test.exe           0000000000406F4D  Unknown               Unknown  Unknown
libc.so.6          0000744FE30181CA  Unknown               Unknown  Unknown
libc.so.6          0000744FE301828B  __libc_start_main     Unknown  Unknown
test.exe           0000000000406E35  Unknown               Unknown  Unknown
forrtl: warning (406): fort: (1): In call to I/O Write routine, an array temporary was created for argument #1

Image              PC                Routine            Line        Source             
test.exe           00000000004AB816  kdm62d                   2125  module_mp_kdm6.F
test.exe           0000000000426068  kdm6                      975  module_mp_kdm6.F
test.exe           000000000040A373  run_case                  279  test_pr73_species_combinations.f90
test.exe           0000000000407034  test_pr73_species          54  test_pr73_species_combinations.f90
test.exe           0000000000406F4D  Unknown               Unknown  Unknown
libc.so.6          0000744FE30181CA  Unknown               Unknown  Unknown
libc.so.6          0000744FE301828B  __libc_start_main     Unknown  Unknown
test.exe           0000000000406E35  Unknown               Unknown  Unknown
ProgB unsupported PSD state rejected
