PR73 manufactured joint-analysis run directory: /var/tmp/cloud_bal_pr73_joint_analysis.T2hp98
/NHNHOME/WORKSPACE/26weather002_A/yhlee/KLAPS50/scratch/pr76_degenerate_kkt_20261008/Cloud-BAL/tests/test_real_shadow_io_contract.f90(3095): remark #7712: This variable has not been used.   [I]
    INTEGER :: i,j,k,c
---------------^
/NHNHOME/WORKSPACE/26weather002_A/yhlee/KLAPS50/scratch/pr76_degenerate_kkt_20261008/Cloud-BAL/tests/test_real_shadow_io_contract.f90(2908): remark #7712: This variable has not been used.   [I]
    INTEGER :: i,j,k
---------------^
/NHNHOME/WORKSPACE/26weather002_A/yhlee/KLAPS50/scratch/pr76_degenerate_kkt_20261008/Cloud-BAL/tests/test_real_shadow_io_contract.f90(3095): remark #7712: This variable has not been used.   [J]
    INTEGER :: i,j,k,c
-----------------^
/NHNHOME/WORKSPACE/26weather002_A/yhlee/KLAPS50/scratch/pr76_degenerate_kkt_20261008/Cloud-BAL/tests/test_real_shadow_io_contract.f90(2908): remark #7712: This variable has not been used.   [J]
    INTEGER :: i,j,k
-----------------^
/NHNHOME/WORKSPACE/26weather002_A/yhlee/KLAPS50/scratch/pr76_degenerate_kkt_20261008/Cloud-BAL/tests/test_real_shadow_io_contract.f90(3095): remark #7712: This variable has not been used.   [K]
    INTEGER :: i,j,k,c
-------------------^
shadow_write_contract_reason=9
forrtl: warning (406): fort: (1): In call to PUT_THERMO_FIELD, an array temporary was created for argument #2

Image              PC                Routine            Line        Source             
test_real_shadow_  0000000000A9C157  write_shadow_diag        1234  cloud_bal_real_netcdf.f90
test_real_shadow_  0000000000432582  test_pr73_estimat         537  test_real_shadow_io_contract.f90
test_real_shadow_  000000000040E738  test_real_shadow_          38  test_real_shadow_io_contract.f90
test_real_shadow_  000000000040B96D  Unknown               Unknown  Unknown
libc.so.6          000071202ECC51CA  Unknown               Unknown  Unknown
libc.so.6          000071202ECC528B  __libc_start_main     Unknown  Unknown
test_real_shadow_  000000000040B855  Unknown               Unknown  Unknown
forrtl: warning (406): fort: (1): In call to PUT_SURFACE_FIELD, an array temporary was created for argument #2

Image              PC                Routine            Line        Source             
test_real_shadow_  0000000000A9C2FD  write_shadow_diag        1240  cloud_bal_real_netcdf.f90
test_real_shadow_  0000000000432582  test_pr73_estimat         537  test_real_shadow_io_contract.f90
test_real_shadow_  000000000040E738  test_real_shadow_          38  test_real_shadow_io_contract.f90
test_real_shadow_  000000000040B96D  Unknown               Unknown  Unknown
libc.so.6          000071202ECC51CA  Unknown               Unknown  Unknown
libc.so.6          000071202ECC528B  __libc_start_main     Unknown  Unknown
test_real_shadow_  000000000040B855  Unknown               Unknown  Unknown
forrtl: warning (406): fort: (1): In call to PUT_SURFACE_FIELD, an array temporary was created for argument #2

Image              PC                Routine            Line        Source             
test_real_shadow_  0000000000A9C3B1  write_shadow_diag        1242  cloud_bal_real_netcdf.f90
test_real_shadow_  0000000000432582  test_pr73_estimat         537  test_real_shadow_io_contract.f90
test_real_shadow_  000000000040E738  test_real_shadow_          38  test_real_shadow_io_contract.f90
test_real_shadow_  000000000040B96D  Unknown               Unknown  Unknown
libc.so.6          000071202ECC51CA  Unknown               Unknown  Unknown
libc.so.6          000071202ECC528B  __libc_start_main     Unknown  Unknown
test_real_shadow_  000000000040B855  Unknown               Unknown  Unknown
forrtl: warning (406): fort: (1): In call to PUT_SURFACE_FIELD, an array temporary was created for argument #2

Image              PC                Routine            Line        Source             
test_real_shadow_  0000000000A9C465  write_shadow_diag        1244  cloud_bal_real_netcdf.f90
test_real_shadow_  0000000000432582  test_pr73_estimat         537  test_real_shadow_io_contract.f90
test_real_shadow_  000000000040E738  test_real_shadow_          38  test_real_shadow_io_contract.f90
test_real_shadow_  000000000040B96D  Unknown               Unknown  Unknown
libc.so.6          000071202ECC51CA  Unknown               Unknown  Unknown
libc.so.6          000071202ECC528B  __libc_start_main     Unknown  Unknown
test_real_shadow_  000000000040B855  Unknown               Unknown  Unknown
forrtl: warning (406): fort: (1): In call to PUT_SURFACE_FIELD, an array temporary was created for argument #2

Image              PC                Routine            Line        Source             
test_real_shadow_  0000000000A9C519  write_shadow_diag        1246  cloud_bal_real_netcdf.f90
test_real_shadow_  0000000000432582  test_pr73_estimat         537  test_real_shadow_io_contract.f90
test_real_shadow_  000000000040E738  test_real_shadow_          38  test_real_shadow_io_contract.f90
test_real_shadow_  000000000040B96D  Unknown               Unknown  Unknown
libc.so.6          000071202ECC51CA  Unknown               Unknown  Unknown
libc.so.6          000071202ECC528B  __libc_start_main     Unknown  Unknown
test_real_shadow_  000000000040B855  Unknown               Unknown  Unknown
forrtl: warning (406): fort: (1): In call to PUT_SURFACE_FIELD, an array temporary was created for argument #2

Image              PC                Routine            Line        Source             
test_real_shadow_  0000000000A9C5CD  write_shadow_diag        1248  cloud_bal_real_netcdf.f90
test_real_shadow_  0000000000432582  test_pr73_estimat         537  test_real_shadow_io_contract.f90
test_real_shadow_  000000000040E738  test_real_shadow_          38  test_real_shadow_io_contract.f90
test_real_shadow_  000000000040B96D  Unknown               Unknown  Unknown
libc.so.6          000071202ECC51CA  Unknown               Unknown  Unknown
libc.so.6          000071202ECC528B  __libc_start_main     Unknown  Unknown
test_real_shadow_  000000000040B855  Unknown               Unknown  Unknown
forrtl: warning (406): fort: (1): In call to PUT_SURFACE_FIELD, an array temporary was created for argument #2

Image              PC                Routine            Line        Source             
test_real_shadow_  0000000000A9C681  write_shadow_diag        1250  cloud_bal_real_netcdf.f90
test_real_shadow_  0000000000432582  test_pr73_estimat         537  test_real_shadow_io_contract.f90
test_real_shadow_  000000000040E738  test_real_shadow_          38  test_real_shadow_io_contract.f90
test_real_shadow_  000000000040B96D  Unknown               Unknown  Unknown
libc.so.6          000071202ECC51CA  Unknown               Unknown  Unknown
libc.so.6          000071202ECC528B  __libc_start_main     Unknown  Unknown
test_real_shadow_  000000000040B855  Unknown               Unknown  Unknown
forrtl: warning (406): fort: (1): In call to PUT_SURFACE_FIELD, an array temporary was created for argument #2

Image              PC                Routine            Line        Source             
test_real_shadow_  0000000000A9C735  write_shadow_diag        1252  cloud_bal_real_netcdf.f90
test_real_shadow_  0000000000432582  test_pr73_estimat         537  test_real_shadow_io_contract.f90
test_real_shadow_  000000000040E738  test_real_shadow_          38  test_real_shadow_io_contract.f90
test_real_shadow_  000000000040B96D  Unknown               Unknown  Unknown
libc.so.6          000071202ECC51CA  Unknown               Unknown  Unknown
libc.so.6          000071202ECC528B  __libc_start_main     Unknown  Unknown
test_real_shadow_  000000000040B855  Unknown               Unknown  Unknown
forrtl: warning (406): fort: (1): In call to PUT_SURFACE_FIELD, an array temporary was created for argument #2

Image              PC                Routine            Line        Source             
test_real_shadow_  0000000000A9C7E9  write_shadow_diag        1254  cloud_bal_real_netcdf.f90
test_real_shadow_  0000000000432582  test_pr73_estimat         537  test_real_shadow_io_contract.f90
test_real_shadow_  000000000040E738  test_real_shadow_          38  test_real_shadow_io_contract.f90
test_real_shadow_  000000000040B96D  Unknown               Unknown  Unknown
libc.so.6          000071202ECC51CA  Unknown               Unknown  Unknown
libc.so.6          000071202ECC528B  __libc_start_main     Unknown  Unknown
test_real_shadow_  000000000040B855  Unknown               Unknown  Unknown
forrtl: warning (406): fort: (1): In call to PUT_INTERIOR_HYDROSTATIC_ASSESSMENT, an array temporary was created for argument #2

Image              PC                Routine            Line        Source             
test_real_shadow_  0000000000A9D055  write_shadow_diag        1287  cloud_bal_real_netcdf.f90
test_real_shadow_  0000000000432582  test_pr73_estimat         537  test_real_shadow_io_contract.f90
test_real_shadow_  000000000040E738  test_real_shadow_          38  test_real_shadow_io_contract.f90
test_real_shadow_  000000000040B96D  Unknown               Unknown  Unknown
libc.so.6          000071202ECC51CA  Unknown               Unknown  Unknown
libc.so.6          000071202ECC528B  __libc_start_main     Unknown  Unknown
test_real_shadow_  000000000040B855  Unknown               Unknown  Unknown
forrtl: warning (406): fort: (1): In call to PUT_PHYSICAL_CONTRACT_EXTENSION, an array temporary was created for argument #2

Image              PC                Routine            Line        Source             
test_real_shadow_  0000000000A9D1E3  write_shadow_diag        1290  cloud_bal_real_netcdf.f90
test_real_shadow_  0000000000432582  test_pr73_estimat         537  test_real_shadow_io_contract.f90
test_real_shadow_  000000000040E738  test_real_shadow_          38  test_real_shadow_io_contract.f90
test_real_shadow_  000000000040B96D  Unknown               Unknown  Unknown
libc.so.6          000071202ECC51CA  Unknown               Unknown  Unknown
libc.so.6          000071202ECC528B  __libc_start_main     Unknown  Unknown
test_real_shadow_  000000000040B855  Unknown               Unknown  Unknown
PR73 estimated-analysis physical contract fixture passed
0
Physical SHADOW contract readback and corruption checks passed
trial_json=/var/tmp/cloud_bal_pr73_joint_analysis.T2hp98/trial.json
artifact=/var/tmp/cloud_bal_pr73_joint_analysis.T2hp98/pr73-estimated-analysis-shadow.nc
