PR73 manufactured joint-analysis run directory: /var/tmp/cloud_bal_pr73_joint_analysis.LxczN6
/NHNHOME/WORKSPACE/26weather002_A/yhlee/KLAPS50/scratch/pr76_degenerate_kkt_20261008/Cloud-BAL/tests/test_real_shadow_io_contract.f90(3095): remark #7712: This variable has not been used.   [I]
    INTEGER :: i,j,k,c
---------------^
/NHNHOME/WORKSPACE/26weather002_A/yhlee/KLAPS50/scratch/pr76_degenerate_kkt_20261008/Cloud-BAL/tests/test_real_shadow_io_contract.f90(2908): remark #7712: This variable has not been used.   [I]
    INTEGER :: i,j,k
---------------^
/NHNHOME/WORKSPACE/26weather002_A/yhlee/KLAPS50/scratch/pr76_degenerate_kkt_20261008/Cloud-BAL/tests/test_real_shadow_io_contract.f90(3095): remark #7712: This variable has not been used.   [J]
    INTEGER :: i,j,k,c
-----------------^
/NHNHOME/WORKSPACE/26weather002_A/yhlee/KLAPS50/scratch/pr76_degenerate_kkt_20261008/Cloud-BAL/tests/test_real_shadow_io_contract.f90(2908): remark #7712: This variable has not been used.   [J]
    INTEGER :: i,j,k
-----------------^
/NHNHOME/WORKSPACE/26weather002_A/yhlee/KLAPS50/scratch/pr76_degenerate_kkt_20261008/Cloud-BAL/tests/test_real_shadow_io_contract.f90(3095): remark #7712: This variable has not been used.   [K]
    INTEGER :: i,j,k,c
-------------------^
shadow_write_contract_reason=9
PR73 estimated-analysis physical contract fixture passed
0
Physical SHADOW contract readback and corruption checks passed
trial_json=/var/tmp/cloud_bal_pr73_joint_analysis.LxczN6/trial.json
artifact=/var/tmp/cloud_bal_pr73_joint_analysis.LxczN6/pr73-estimated-analysis-shadow.nc
