module_wrf_error.F(6): warning #7346: The CHARACTER* form of a CHARACTER declaration is an obsolescent feature in Fortran 2008.
  CHARACTER*256     :: wrf_err_message
------------^
module_wrf_error.F(113): warning #8889: Explicit interface or EXTERNAL declaration is required.   [WRF_DEBUG]
       CALL wrf_debug ( 1 , 'Namelist logging not found in namelist.input. ' )
------------^
module_wrf_error.F(114): warning #8889: Explicit interface or EXTERNAL declaration is required.   [WRF_DEBUG]
       CALL wrf_debug ( 1 , ' --> Using registry defaults for variables in logging.' )
------------^
module_wrf_error.F(78): remark #7712: This variable has not been used.   [ON_IO_SERVER]
  SUBROUTINE init_module_wrf_error(on_io_server)
-----------------------------------^
module_wrf_error.F(210): warning #7346: The CHARACTER* form of a CHARACTER declaration is an obsolescent feature in Fortran 2008.
  CHARACTER*(*) str
-------------^
module_wrf_error.F(246): warning #7346: The CHARACTER* form of a CHARACTER declaration is an obsolescent feature in Fortran 2008.
  CHARACTER*(*) str
-------------^
module_wrf_error.F(268): warning #7346: The CHARACTER* form of a CHARACTER declaration is an obsolescent feature in Fortran 2008.
  CHARACTER*(*) file_str
-------------^
module_wrf_error.F(270): warning #7346: The CHARACTER* form of a CHARACTER declaration is an obsolescent feature in Fortran 2008.
  CHARACTER*(*) str
-------------^
module_wrf_error.F(271): warning #7346: The CHARACTER* form of a CHARACTER declaration is an obsolescent feature in Fortran 2008.
  CHARACTER*256 :: line_str
------------^
module_wrf_error.F(278): warning #8889: Explicit interface or EXTERNAL declaration is required.   [WRF_MESSAGE]
  CALL wrf_message( '-------------- FATAL CALLED ---------------' )
-------^
module_wrf_error.F(281): warning #8889: Explicit interface or EXTERNAL declaration is required.   [WRF_MESSAGE]
    CALL wrf_message( 'FATAL CALLED FROM FILE:  '//file_str//'  LINE:  '//TRIM(line_str) )
---------^
module_wrf_error.F(283): warning #8889: Explicit interface or EXTERNAL declaration is required.   [WRF_MESSAGE]
  CALL wrf_message( str )
-------^
module_wrf_error.F(284): warning #8889: Explicit interface or EXTERNAL declaration is required.   [WRF_MESSAGE]
  CALL wrf_message( '-------------------------------------------' )
-------^
module_wrf_error.F(287): warning #8889: Explicit interface or EXTERNAL declaration is required.   [WRF_MESSAGE2]
  CALL wrf_message2( '-------------- FATAL CALLED ---------------' )
-------^
module_wrf_error.F(290): warning #8889: Explicit interface or EXTERNAL declaration is required.   [WRF_MESSAGE2]
        CALL wrf_message2( 'FATAL CALLED FROM FILE:  '//file_str//'  LINE:  '//TRIM(line_str) )
-------------^
module_wrf_error.F(292): warning #8889: Explicit interface or EXTERNAL declaration is required.   [WRF_MESSAGE2]
     CALL wrf_message2( trim(str) )
----------^
module_wrf_error.F(293): warning #8889: Explicit interface or EXTERNAL declaration is required.   [WRF_MESSAGE2]
  CALL wrf_message2( '-------------------------------------------' )
-------^
module_wrf_error.F(311): warning #8889: Explicit interface or EXTERNAL declaration is required.   [WRF_ABORT]
  CALL wrf_abort
-------^
module_wrf_error.F(319): warning #7346: The CHARACTER* form of a CHARACTER declaration is an obsolescent feature in Fortran 2008.
  CHARACTER*(*) str
-------------^
module_wrf_error.F(320): warning #8889: Explicit interface or EXTERNAL declaration is required.   [WRF_ERROR_FATAL3]
  CALL wrf_error_fatal3 ( ' ', 0, str )
-------^
module_wrf_error.F(332): warning #7346: The CHARACTER* form of a CHARACTER declaration is an obsolescent feature in Fortran 2008.
  CHARACTER*(*) str
-------------^
module_wrf_error.F(333): warning #7346: The CHARACTER* form of a CHARACTER declaration is an obsolescent feature in Fortran 2008.
  CHARACTER*(*) file_str
-------------^
module_wrf_error.F(341): warning #8889: Explicit interface or EXTERNAL declaration is required.   [WRF_ERROR_FATAL3]
    CALL wrf_error_fatal3 ( file_str, line, str_with_rc )
---------^
module_model_constants.F(96): warning #5268: Extension to standard: The text exceeds right hand column allowed on the line.
       REAL , PARAMETER ::  epsq=1.e-12      ! threshold specified for SPECIFIC HUMIDITY calculation in BMJ cumulus scheme (kg kg^-1)
------------------------------------------------------------------------------------------------------------------------------------^
module_model_constants.F(147): warning #5268: Extension to standard: The text exceeds right hand column allowed on the line.
   REAL , PARAMETER :: EQUINOX_FRACTION= 0.0  ! Fraction into the year (from perhelion) of the occurrence of the Northern Spring Equinox
------------------------------------------------------------------------------------------------------------------------------------^
module_mp_radar.F(43): warning #6916: Fortran 2008 does not allow this length specification.   [16]
      COMPLEX*16, PUBLIC:: m_w_0, m_i_0
--------------^
module_mp_radar.F(64): warning #7346: The CHARACTER* form of a CHARACTER declaration is an obsolescent feature in Fortran 2008.
      CHARACTER*256:: radar_debug
----------------^
module_mp_radar.F(191): warning #6916: Fortran 2008 does not allow this length specification.   [M_COMPLEX_WATER_RAY]
      COMPLEX*16 FUNCTION m_complex_water_ray(lambda,T)
--------------------------^
module_mp_radar.F(202): warning #6916: Fortran 2008 does not allow this length specification.   [16]
      COMPLEX*16, PARAMETER:: i = (0d0,1d0)
--------------^
module_mp_radar.F(226): warning #6916: Fortran 2008 does not allow this length specification.   [M_COMPLEX_ICE_MAETZLER]
      COMPLEX*16 FUNCTION m_complex_ice_maetzler(lambda,T)
--------------------------^
module_mp_radar.F(275): warning #6916: Fortran 2008 does not allow this length specification.   [16]
      COMPLEX*16, INTENT(in):: m_w, m_i
--------------^
module_mp_radar.F(279): warning #6916: Fortran 2008 does not allow this length specification.   [16]
      COMPLEX*16:: m_core, m_air
--------------^
module_mp_radar.F(362): warning #6916: Fortran 2008 does not allow this length specification.   [GET_M_MIX_NESTED]
      complex*16 function get_m_mix_nested (m_a, m_i, m_w, volair,      &
--------------------------^
module_mp_radar.F(369): warning #6916: Fortran 2008 does not allow this length specification.   [16]
      COMPLEX*16, INTENT(in):: m_a, m_i, m_w
--------------^
module_mp_radar.F(375): warning #6916: Fortran 2008 does not allow this length specification.   [16]
      COMPLEX*16:: mtmp
--------------^
module_mp_radar.F(500): warning #6916: Fortran 2008 does not allow this length specification.   [GET_M_MIX]
      COMPLEX*16 FUNCTION get_m_mix (m_a, m_i, m_w, volair, volice,     &
--------------------------^
module_mp_radar.F(506): warning #6916: Fortran 2008 does not allow this length specification.   [16]
      COMPLEX*16, INTENT(in):: m_a, m_i, m_w
--------------^
module_mp_radar.F(544): warning #6916: Fortran 2008 does not allow this length specification.   [M_COMPLEX_MAXWELLGARNETT]
      COMPLEX*16 FUNCTION m_complex_maxwellgarnett(vol1, vol2, vol3,    &
--------------------------^
module_mp_radar.F(549): warning #6916: Fortran 2008 does not allow this length specification.   [16]
      COMPLEX*16 :: m1, m2, m3
--------------^
module_mp_radar.F(553): warning #6916: Fortran 2008 does not allow this length specification.   [16]
      COMPLEX*16 :: beta2, beta3, m1t, m2t, m3t
--------------^
module_mp_radar.F(124): warning #7416: Fortran 2008 does not allow this intrinsic procedure.   [DFLOAT]
         xxDx(n) = DEXP(DFLOAT(n-1)/DFLOAT(nrbins) &
------------------------^
module_mp_radar.F(124): warning #7416: Fortran 2008 does not allow this intrinsic procedure.   [DFLOAT]
         xxDx(n) = DEXP(DFLOAT(n-1)/DFLOAT(nrbins) &
------------------------------------^
module_mp_radar.F(136): warning #7416: Fortran 2008 does not allow this intrinsic procedure.   [DFLOAT]
         xxDx(n) = DEXP(DFLOAT(n-1)/DFLOAT(nrbins) &
------------------------^
module_mp_radar.F(136): warning #7416: Fortran 2008 does not allow this intrinsic procedure.   [DFLOAT]
         xxDx(n) = DEXP(DFLOAT(n-1)/DFLOAT(nrbins) &
------------------------------------^
module_mp_radar.F(388): warning #8889: Explicit interface or EXTERNAL declaration is required.   [WRF_DEBUG]
        CALL wrf_debug(150, radar_debug)
-------------^
module_mp_radar.F(410): warning #8889: Explicit interface or EXTERNAL declaration is required.   [WRF_DEBUG]
         CALL wrf_debug(150, radar_debug)
--------------^
module_mp_radar.F(419): warning #8889: Explicit interface or EXTERNAL declaration is required.   [WRF_DEBUG]
        CALL wrf_debug(150, radar_debug)
-------------^
module_mp_radar.F(441): warning #8889: Explicit interface or EXTERNAL declaration is required.   [WRF_DEBUG]
         CALL wrf_debug(150, radar_debug)
--------------^
module_mp_radar.F(450): warning #8889: Explicit interface or EXTERNAL declaration is required.   [WRF_DEBUG]
        CALL wrf_debug(150, radar_debug)
-------------^
module_mp_radar.F(472): warning #8889: Explicit interface or EXTERNAL declaration is required.   [WRF_DEBUG]
         CALL wrf_debug(150, radar_debug)
--------------^
module_mp_radar.F(486): warning #8889: Explicit interface or EXTERNAL declaration is required.   [WRF_DEBUG]
       CALL wrf_debug(150, radar_debug)
------------^
module_mp_radar.F(492): warning #8889: Explicit interface or EXTERNAL declaration is required.   [WRF_DEBUG]
       CALL wrf_debug(150, radar_debug)
------------^
module_mp_radar.F(525): warning #8889: Explicit interface or EXTERNAL declaration is required.   [WRF_DEBUG]
        CALL wrf_debug(150, radar_debug)
-------------^
module_mp_radar.F(531): warning #8889: Explicit interface or EXTERNAL declaration is required.   [WRF_DEBUG]
       CALL wrf_debug(150, radar_debug)
------------^
module_mp_radar.F(537): warning #8889: Explicit interface or EXTERNAL declaration is required.   [WRF_DEBUG]
       CALL wrf_debug(150, radar_debug)
------------^
module_mp_radar.F(561): warning #8889: Explicit interface or EXTERNAL declaration is required.   [WRF_DEBUG]
       CALL wrf_debug(150, radar_debug)
------------^
module_mp_radar.F(580): warning #8889: Explicit interface or EXTERNAL declaration is required.   [WRF_DEBUG]
       CALL wrf_debug(150, radar_debug)
------------^
module_mp_radar.F(581): warning #7416: Fortran 2008 does not allow this intrinsic procedure.   [DCMPLX]
       m_complex_maxwellgarnett=DCMPLX(-999.99d0,-999.99d0)
--------------------------------^
module_mp_radar.F(266): remark #7712: This variable has not been used.   [LAMBDA]
                     meltratio_outside, m_w, m_i, lambda, C_back,       &
--------------------------------------------------^
module_mp_radar.F(201): remark #7712: This variable has not been used.   [SIGMA]
      DOUBLE PRECISION:: alpha,lambdas,sigma,nenner
---------------------------------------^
module_mp_radar.F(280): remark #7712: This variable has not been used.   [XW_A]
      DOUBLE PRECISION:: D_large, D_g, rhog, x_w, xw_a, fm, fmgrenz,    &
--------------------------------------------------^
module_mp_kdm6.F(1458): warning #7343: A statement function is an obsolescent feature in Fortran 2008.   [CPMCAL]
   cpmcal(x) = cpd*(1.-max(x,qmin))+max(x,qmin)*cpv
---^
module_mp_kdm6.F(1459): warning #7343: A statement function is an obsolescent feature in Fortran 2008.   [XLCAL]
   xlcal(x) = xlv0-xlv1*(x-t0c)
---^
module_mp_kdm6.F(1468): warning #7343: A statement function is an obsolescent feature in Fortran 2008.   [LAMDAC]
   lamdac(x,y,z)= exp(log(((pidnc*z)/(x*y)))*(1./dmc))
---^
module_mp_kdm6.F(1473): warning #7343: A statement function is an obsolescent feature in Fortran 2008.   [DIFFUS]
   diffus(x,y) = 8.794e-5 * exp(log(x)*(1.81)) / y   
---^
module_mp_kdm6.F(1474): warning #7343: A statement function is an obsolescent feature in Fortran 2008.   [VISCOS]
   viscos(x,y) = 1.496e-6 * (x*sqrt(x)) /(x+120.)/y  
---^
module_mp_kdm6.F(1475): warning #7343: A statement function is an obsolescent feature in Fortran 2008.   [XKA]
   xka(x,y)    = 1.414e3*viscos(x,y)*y
---^
module_mp_kdm6.F(1476): warning #7343: A statement function is an obsolescent feature in Fortran 2008.   [DIFFAC]
   diffac(a,b,c,d,e) = d*a*a/(xka(c,d)*rv*c*c)+1./(e*diffus(c,b))
---^
module_mp_kdm6.F(1477): warning #7343: A statement function is an obsolescent feature in Fortran 2008.   [VENFAC]
   venfac(a,b,c) = exp(log((viscos(b,c)/diffus(b,a)))*((.3333333)))            &
---^
module_mp_kdm6.F(1479): warning #7343: A statement function is an obsolescent feature in Fortran 2008.   [CONDEN]
   conden(a,b,c,d,e) = (max(b,qmin)-c)/(1.+d*d/(rv*e)*c/(a*a))
---^
module_mp_kdm6.F(4520): warning #7343: A statement function is an obsolescent feature in Fortran 2008.   [LAMDAR]
      lamdar(x,y,z)= exp(log(((pidnr*z)/(x*y)))*(1./dmr)) 
------^
module_mp_kdm6.F(4522): warning #7343: A statement function is an obsolescent feature in Fortran 2008.   [LAMDAS]
      lamdas(x,y,z)= exp(log(((pidn0s*z)/(x*y)))*(1./(dms+1)))
------^
module_mp_kdm6.F(4524): warning #7343: A statement function is an obsolescent feature in Fortran 2008.   [LAMDAG]
      lamdag(x,y)= exp(log(((pidn0g(i,k))/(x*y)))*(1./(dmg+1)))
------^
module_mp_kdm6.F(4526): warning #7343: A statement function is an obsolescent feature in Fortran 2008.   [LAMDAI]
      lamdai(x,y,z)= exp(log(((pidni*z)/(x*y)))*(1./dmi))
------^
module_mp_kdm6.F(4676): warning #7343: A statement function is an obsolescent feature in Fortran 2008.   [LAMDAR]
      lamdar(xd,yd,zd)= exp(log(((pidnr*zd)/(xd*yd)))*(1./dmr))
------^
module_mp_kdm6.F(4957): warning #8586: Implicit type is given to allow out-of-order declaration. Non-standard extension.   [KTS]
      REAL, DIMENSION(kts:kte), INTENT(IN):: xam_g
----------------------^
module_mp_kdm6.F(4957): warning #8586: Implicit type is given to allow out-of-order declaration. Non-standard extension.   [KTE]
      REAL, DIMENSION(kts:kte), INTENT(IN):: xam_g
--------------------------^
module_mp_kdm6.F(1591): warning #8889: Explicit interface or EXTERNAL declaration is required.   [VSREC]
       call vsrec( tvec1(its), gas_density(its,k), ite-its+1)
------------^
module_mp_kdm6.F(1595): warning #8889: Explicit interface or EXTERNAL declaration is required.   [VSSQRT]
       call vssqrt( denfac(its,k), tvec1(its), ite-its+1)
------------^
module_mp_kdm6.F(2258): warning #7374: F2008 standard requires all arguments be of the same type and same kind type parameter.   [QCI]
                *g4pmc*rslopecmu(i,k)*rslopec3(i,k)*rslopec2(i,k)*dtcld,qci(i,k,1))
------------------------------------------------------------------------^
module_mp_kdm6.F(2265): warning #7374: F2008 standard requires all arguments be of the same type and same kind type parameter.   [NCI]
                      *g1pmc*rslopecmu(i,k)*rslopec2(i,k)*dtcld,nci(i,k,1))
----------------------------------------------------------------^
module_mp_kdm6.F(2284): warning #7374: F2008 standard requires all arguments be of the same type and same kind type parameter.   [QCI]
                     ,qci(i,k,1))
----------------------^
module_mp_kdm6.F(2293): warning #7374: F2008 standard requires all arguments be of the same type and same kind type parameter.   [NCI]
                       *rslopec(i,k)*rslopecd(i,k)*dtcld,nci(i,k,1))
---------------------------------------------------------^
module_mp_kdm6.F(2311): warning #7374: F2008 standard requires all arguments be of the same type and same kind type parameter.   [QRS]
                  *rslopemu(i,k,1)*rslope(i,k,1)*g1p2drmr*dtcld,qrs(i,k,1))        
----------------------------------------------------------------^
module_mp_kdm6.F(2319): warning #7374: F2008 standard requires all arguments be of the same type and same kind type parameter.   [NRS]
                       *dtcld, nrs(i,k,1)) 
-------------------------------^
module_mp_kdm6.F(2739): warning #7374: F2008 standard requires all arguments be of the same type and same kind type parameter.
                        *qci(i,k,1)*denfac(i,k),qci(i,k,1)/dtcld)
----------------------------------------------------------^
module_mp_kdm6.F(2752): warning #7374: F2008 standard requires all arguments be of the same type and same kind type parameter.
                       *denfac(i,k),nci(i,k,1)/dtcld)
----------------------------------------------^
module_mp_kdm6.F(2764): warning #7374: F2008 standard requires all arguments be of the same type and same kind type parameter.
                        *denfac(i,k),qci(i,k,1)/dtcld)
-----------------------------------------------^
module_mp_kdm6.F(2776): warning #7374: F2008 standard requires all arguments be of the same type and same kind type parameter.
                        *denfac(i,k),nci(i,k,1)/dtcld)
-----------------------------------------------^
module_mp_kdm6.F(2801): warning #7374: F2008 standard requires all arguments be of the same type and same kind type parameter.
                        *qci(i,k,1)*denfac(i,k),qci(i,k,1)/dtcld)
----------------------------------------------------------^
module_mp_kdm6.F(2813): warning #7374: F2008 standard requires all arguments be of the same type and same kind type parameter.
                       *denfac(i,k),nci(i,k,1)/dtcld)
----------------------------------------------^
module_mp_kdm6.F(3887): warning #7374: F2008 standard requires all arguments be of the same type and same kind type parameter.   [0.]
          pcond(i,k) = min(max(work1(i,k,1)/dtcld,0.),max(q(i,k),0.)/dtcld)
--------------------------------------------------^
module_mp_kdm6.F(3887): warning #7374: F2008 standard requires all arguments be of the same type and same kind type parameter.
          pcond(i,k) = min(max(work1(i,k,1)/dtcld,0.),max(q(i,k),0.)/dtcld)
--------------------------------------------------------------------^
module_mp_kdm6.F(3889): warning #7374: F2008 standard requires all arguments be of the same type and same kind type parameter.
            pcond(i,k) = max(work1(i,k,1),-qci(i,k,1))/dtcld
------------------------------------------^
module_mp_kdm6.F(5163): remark #7712: This variable has not been used.   [I]
      integer:: i,k
----------------^
module_mp_kdm6.F(4978): remark #7712: This variable has not been used.   [I]
      INTEGER:: i, k, k_0, kbot, n
----------------^
module_mp_kdm6.F(5134): remark #7712: This variable has not been used.   [QMIN]
     subroutine effectRad_kdm6 (t, qc, nc, qi, ni, qs, rho, qmin, t0c,    &
------------------------------------------------------------^
module_mp_kdm6.F(4671): remark #7712: This variable has not been used.   [J]
  integer :: i, j, k
----------------^
module_mp_kdm6.F(4508): remark #7712: This variable has not been used.   [J]
  integer :: i, j, k
----------------^
module_mp_kdm6.F(1438): remark #7712: This variable has not been used.   [J]
   integer                            :: i, j, k, mstepmax,mstepmax_i,         &
--------------------------------------------^
module_mp_kdm6.F(1170): remark #7712: This variable has not been used.   [G]
                   ,delt,g, cpd, cpv, ccn0, rd, rv, t0c           &
-------------------------^
module_mp_kdm6.F(4069): remark #7712: This variable has not been used.   [CCN0]
  SUBROUTINE kdm6init(den0,denr,dens,cl,cpv, ccn0, hail_opt, allowed_to_read) 
---------------------------------------------^
module_mp_kdm6.F(1170): remark #7712: This variable has not been used.   [CCN0]
                   ,delt,g, cpd, cpv, ccn0, rd, rv, t0c           &
--------------------------------------^
module_mp_kdm6.F(4045): remark #7712: This variable has not been used.   [RD]
   real function fpvs(t,ice,rd,rv,cvap,cliq,cice,hvap,hsub,psat,t0c)
----------------------------^
module_mp_kdm6.F(1170): remark #7712: This variable has not been used.   [RD]
                   ,delt,g, cpd, cpv, ccn0, rd, rv, t0c           &
--------------------------------------------^
module_mp_kdm6.F(1171): remark #7712: This variable has not been used.   [EP1]
                   ,ep1, ep2, qmin                                &
--------------------^
module_mp_kdm6.F(1179): remark #7712: This variable has not been used.   [IDS]
                   ,ids,ide, jds,jde, kds,kde                     &
--------------------^
module_mp_kdm6.F(1179): remark #7712: This variable has not been used.   [IDE]
                   ,ids,ide, jds,jde, kds,kde                     &
------------------------^
module_mp_kdm6.F(1179): remark #7712: This variable has not been used.   [JDS]
                   ,ids,ide, jds,jde, kds,kde                     &
-----------------------------^
module_mp_kdm6.F(1179): remark #7712: This variable has not been used.   [JDE]
                   ,ids,ide, jds,jde, kds,kde                     &
---------------------------------^
module_mp_kdm6.F(1179): remark #7712: This variable has not been used.   [KDS]
                   ,ids,ide, jds,jde, kds,kde                     &
--------------------------------------^
module_mp_kdm6.F(1179): remark #7712: This variable has not been used.   [KDE]
                   ,ids,ide, jds,jde, kds,kde                     &
------------------------------------------^
module_mp_kdm6.F(1180): remark #7712: This variable has not been used.   [JMS]
                   ,ims,ime, jms,jme, kms,kme                     &
-----------------------------^
module_mp_kdm6.F(1180): remark #7712: This variable has not been used.   [JME]
                   ,ims,ime, jms,jme, kms,kme                     &
---------------------------------^
module_mp_kdm6.F(4654): remark #7712: This variable has not been used.   [JTS]
  INTEGER       ::               its,ite, jts,jte, kts,kte
------------------------------------------^
module_mp_kdm6.F(4483): remark #7712: This variable has not been used.   [JTS]
  INTEGER       ::               its,ite, jts,jte, kts,kte
------------------------------------------^
module_mp_kdm6.F(4322): remark #7712: This variable has not been used.   [JTS]
   SUBROUTINE ProgB_param(brs,qrs,rhox,its,ite,jts,jte,kts,kte,qcrmin             &
-----------------------------------------------^
module_mp_kdm6.F(4654): remark #7712: This variable has not been used.   [JTE]
  INTEGER       ::               its,ite, jts,jte, kts,kte
----------------------------------------------^
module_mp_kdm6.F(4483): remark #7712: This variable has not been used.   [JTE]
  INTEGER       ::               its,ite, jts,jte, kts,kte
----------------------------------------------^
module_mp_kdm6.F(4322): remark #7712: This variable has not been used.   [JTE]
   SUBROUTINE ProgB_param(brs,qrs,rhox,its,ite,jts,jte,kts,kte,qcrmin             &
---------------------------------------------------^
module_mp_kdm6.F(4651): remark #7712: This variable has not been used.   [T]
      subroutine slope_rain(qrs,nrs,den,denfac,t,rslope,rslopeb,rslope2,rslope3,   &
-----------------------------------------------^
module_mp_kdm6.F(1333): remark #7712: This variable has not been used.   [DBS]
   real, dimension(its:ite,kts:kte)   :: dbs,dbg
-----------------------------------------^
module_mp_kdm6.F(1346): remark #7712: This variable has not been used.   [WORKN]
   double precision, dimension(its:ite,kts:kte,2)   :: workn
-------------------------------------------------------^
module_mp_kdm6.F(1350): remark #7712: This variable has not been used.   [WORKA]
   real, dimension(its:ite,kts:kte)   :: worka, workr
-----------------------------------------^
module_mp_kdm6.F(1350): remark #7712: This variable has not been used.   [WORKR]
   real, dimension(its:ite,kts:kte)   :: worka, workr
------------------------------------------------^
module_mp_kdm6.F(1356): remark #7712: This variable has not been used.   [WORK1C]
   real, dimension(its:ite,kts:kte)   :: falkc, work1c, work2c
------------------------------------------------^
module_mp_kdm6.F(1356): remark #7712: This variable has not been used.   [WORK2C]
   real, dimension(its:ite,kts:kte)   :: falkc, work1c, work2c
--------------------------------------------------------^
module_mp_kdm6.F(1375): remark #7712: This variable has not been used.   [BSACW]
                                        bgacr,baacw,bsacw,bgacw,bgacs,bgaci,&
----------------------------------------------------^
module_mp_kdm6.F(1375): remark #7712: This variable has not been used.   [BGACW]
                                        bgacr,baacw,bsacw,bgacw,bgacs,bgaci,&
----------------------------------------------------------^
module_mp_kdm6.F(4668): remark #7712: This variable has not been used.   [N0SFAC]
                                                                       n0sfac
-----------------------------------------------------------------------^
module_mp_kdm6.F(1382): remark #7712: This variable has not been used.   [DENQRS1]
   real, dimension(its:ite,kts:kte)   :: denqrs1, denqrs2, denqrs3
-----------------------------------------^
module_mp_kdm6.F(1382): remark #7712: This variable has not been used.   [DENQRS2]
   real, dimension(its:ite,kts:kte)   :: denqrs1, denqrs2, denqrs3
--------------------------------------------------^
module_mp_kdm6.F(1382): remark #7712: This variable has not been used.   [DENQRS3]
   real, dimension(its:ite,kts:kte)   :: denqrs1, denqrs2, denqrs3
-----------------------------------------------------------^
module_mp_kdm6.F(1383): remark #7712: This variable has not been used.   [DENQR1]
   real, dimension(its:ite,kts:kte)   :: denqr1, denncr3, denqci
-----------------------------------------^
module_mp_kdm6.F(1383): remark #7712: This variable has not been used.   [DENNCR3]
   real, dimension(its:ite,kts:kte)   :: denqr1, denncr3, denqci
-------------------------------------------------^
module_mp_kdm6.F(1383): remark #7712: This variable has not been used.   [DENQCI]
   real, dimension(its:ite,kts:kte)   :: denqr1, denncr3, denqci
----------------------------------------------------------^
module_mp_kdm6.F(1384): remark #7712: This variable has not been used.   [DELQRS1]
   real, dimension(its:ite)           :: delqrs1, delqrs2, delqrs3, delncr3
-----------------------------------------^
module_mp_kdm6.F(1384): remark #7712: This variable has not been used.   [DELQRS2]
   real, dimension(its:ite)           :: delqrs1, delqrs2, delqrs3, delncr3
--------------------------------------------------^
module_mp_kdm6.F(1384): remark #7712: This variable has not been used.   [DELQRS3]
   real, dimension(its:ite)           :: delqrs1, delqrs2, delqrs3, delncr3
-----------------------------------------------------------^
module_mp_kdm6.F(1384): remark #7712: This variable has not been used.   [DELNCR3]
   real, dimension(its:ite)           :: delqrs1, delqrs2, delqrs3, delncr3
--------------------------------------------------------------------^
module_mp_kdm6.F(1385): remark #7712: This variable has not been used.   [DELQI]
   real, dimension(its:ite)           :: delqi
-----------------------------------------^
module_mp_kdm6.F(1400): remark #7712: This variable has not been used.   [NUMNDT]
   integer, dimension(its:ite)        :: mnstep, numndt
-------------------------------------------------^
module_mp_kdm6.F(5171): remark #7712: This variable has not been used.   [TEMP]
      real :: temp
--------------^
module_mp_kdm6.F(1405): remark #7712: This variable has not been used.   [TEMP]
   real                               :: temp
-----------------------------------------^
module_mp_kdm6.F(1406): remark #7712: This variable has not been used.   [HOLDC]
   real                               :: holdc, holdci
-----------------------------------------^
module_mp_kdm6.F(1406): remark #7712: This variable has not been used.   [HOLDCI]
   real                               :: holdc, holdci
------------------------------------------------^
module_mp_kdm6.F(4669): remark #7712: This variable has not been used.   [X]
  REAL       ::  x, y, z, supcol
-----------------^
module_mp_kdm6.F(4669): remark #7712: This variable has not been used.   [Y]
  REAL       ::  x, y, z, supcol
--------------------^
module_mp_kdm6.F(4669): remark #7712: This variable has not been used.   [Z]
  REAL       ::  x, y, z, supcol
-----------------------^
module_mp_kdm6.F(1428): remark #7712: This variable has not been used.   [NDT]
                                         ndt, qdt, holdrr, holdrs, holdrg,     &
-----------------------------------------^
module_mp_kdm6.F(1428): remark #7712: This variable has not been used.   [QDT]
                                         ndt, qdt, holdrr, holdrs, holdrg,     &
----------------------------------------------^
module_mp_kdm6.F(1428): remark #7712: This variable has not been used.   [HOLDRR]
                                         ndt, qdt, holdrr, holdrs, holdrg,     &
---------------------------------------------------^
module_mp_kdm6.F(1428): remark #7712: This variable has not been used.   [HOLDRS]
                                         ndt, qdt, holdrr, holdrs, holdrg,     &
-----------------------------------------------------------^
module_mp_kdm6.F(1428): remark #7712: This variable has not been used.   [HOLDRG]
                                         ndt, qdt, holdrr, holdrs, holdrg,     &
-------------------------------------------------------------------^
module_mp_kdm6.F(4669): remark #7712: This variable has not been used.   [SUPCOL]
  REAL       ::  x, y, z, supcol
--------------------------^
module_mp_kdm6.F(1429): remark #7712: This variable has not been used.   [PVT]
                                         supcol, supcolt, pvt, supsat,         &
----------------------------------------------------------^
module_mp_kdm6.F(1430): remark #7712: This variable has not been used.   [XMI]
                                         dtcld, xmi, eacsi, satdt, qimax,      &
------------------------------------------------^
module_mp_kdm6.F(1430): remark #7712: This variable has not been used.   [QIMAX]
                                         dtcld, xmi, eacsi, satdt, qimax,      &
-------------------------------------------------------------------^
module_mp_kdm6.F(1431): remark #7712: This variable has not been used.   [DIAMETER]
                                         diameter, xni0, roqi0,                &
-----------------------------------------^
module_mp_kdm6.F(1431): remark #7712: This variable has not been used.   [XNI0]
                                         diameter, xni0, roqi0,                &
---------------------------------------------------^
module_mp_kdm6.F(1431): remark #7712: This variable has not been used.   [ROQI0]
                                         diameter, xni0, roqi0,                &
---------------------------------------------------------^
module_mp_kdm6.F(1433): remark #7712: This variable has not been used.   [EGS]
                                         egs, eacgi, coecol,                   &
-----------------------------------------^
module_mp_kdm6.F(1434): remark #7712: This variable has not been used.   [TAUCON]
                                         taucon, lencon, lenconcr,             &
-----------------------------------------^
module_mp_kdm6.F(1436): remark #7712: This variable has not been used.   [ALPHA2]
                                         alpha1,alpha2, delta2, delta3
------------------------------------------------^
module_mp_kdm6.F(1439): remark #7712: This variable has not been used.   [IPRT]
                                         iprt, latd, lond, loop, loops, ifsat, &
-----------------------------------------^
module_mp_kdm6.F(1439): remark #7712: This variable has not been used.   [LATD]
                                         iprt, latd, lond, loop, loops, ifsat, &
-----------------------------------------------^
module_mp_kdm6.F(1439): remark #7712: This variable has not been used.   [LOND]
                                         iprt, latd, lond, loop, loops, ifsat, &
-----------------------------------------------------^
module_mp_kdm6.F(4069): remark #7712: This variable has not been used.   [ALLOWED_TO_READ]
  SUBROUTINE kdm6init(den0,denr,dens,cl,cpv, ccn0, hail_opt, allowed_to_read) 
-------------------------------------------------------------^
module_mp_kdm6.F(4340): remark #7712: This variable has not been used.   [TMP1]
  REAL ::tmp1,tmp2
---------^
module_mp_kdm6.F(4702): remark #7712: This variable has not been used.   [ID]
      SUBROUTINE nislfv_rain_plmr(im,km,denl,denfacl,tkl,dzl,wwl,rql,rnl,precip,dt,id,iter,rid)
-----------------------------------------------------------------------------------^
module_mp_kdm6.F(4734): remark #7712: This variable has not been used.   [C1]
      real  zsum,qsum,dim,dip,c1,con1,fa1,fa2
------------------------------^
module_mp_kdm6.F(4735): remark #7712: This variable has not been used.   [ALLNEW]
      real  allold, allnew, zz, dzamin, cflmax, decfl
--------------------^
module_mp_kdm6.F(4735): remark #7712: This variable has not been used.   [ZZ]
      real  allold, allnew, zz, dzamin, cflmax, decfl
----------------------------^
module_mp_kdm6.F(4735): remark #7712: This variable has not been used.   [DZAMIN]
      real  allold, allnew, zz, dzamin, cflmax, decfl
--------------------------------^
module_mp_kdm6.F(4735): remark #7712: This variable has not been used.   [CFLMAX]
      real  allold, allnew, zz, dzamin, cflmax, decfl
----------------------------------------^
module_mp_kdm6.F(4739): remark #7712: This variable has not been used.   [QR2]
      real  qn(km), qr(km), qr2(km)
----------------------------^
module_mp_kdm6.F(5135): remark #7712: This variable has not been used.   [II]
                                re_qc, re_qi, re_qs, kts, kte, ii, jj)
---------------------------------------------------------------^
module_mp_kdm6.F(4955): remark #7712: This variable has not been used.   [II]
                       n0go1d, t1d, p1d, dBZ, kts, kte, ii, jj,xam_g)
--------------------------------------------------------^
module_mp_kdm6.F(5135): remark #7712: This variable has not been used.   [JJ]
                                re_qc, re_qi, re_qs, kts, kte, ii, jj)
-------------------------------------------------------------------^
module_mp_kdm6.F(4955): remark #7712: This variable has not been used.   [JJ]
                       n0go1d, t1d, p1d, dBZ, kts, kte, ii, jj,xam_g)
------------------------------------------------------------^
module_mp_kdm6.F(4978): remark #7712: This variable has not been used.   [KBOT]
      INTEGER:: i, k, k_0, kbot, n
---------------------------^
module_mp_kdm6.F(5164): remark #7712: This variable has not been used.   [INU_C]
      integer :: inu_c
-----------------^
module_mp_kdm6.F(5173): remark #7712: This variable has not been used.   [DIAI]
      real :: diai      
--------------^
test_pr73_species_combinations.f90(134): remark #7712: This variable has not been used.   [I]
    INTEGER :: i
---------------^
