forrtl: warning (406): fort: (1): In call to I/O Write routine, an array temporary was created for argument #1

Image              PC                Routine            Line        Source             
test.exe           00000000004839FB  kdm62d                   1930  module_mp_kdm6.F
test.exe           0000000000426068  kdm6                      975  module_mp_kdm6.F
test.exe           000000000040A373  run_case                  279  test_pr73_species_combinations.f90
test.exe           0000000000407034  test_pr73_species          54  test_pr73_species_combinations.f90
test.exe           0000000000406F4D  Unknown               Unknown  Unknown
libc.so.6          000073A2E67871CA  Unknown               Unknown  Unknown
libc.so.6          000073A2E678728B  __libc_start_main     Unknown  Unknown
test.exe           0000000000406E35  Unknown               Unknown  Unknown
forrtl: warning (406): fort: (1): In call to I/O Write routine, an array temporary was created for argument #1

Image              PC                Routine            Line        Source             
test.exe           00000000004AB816  kdm62d                   2125  module_mp_kdm6.F
test.exe           0000000000426068  kdm6                      975  module_mp_kdm6.F
test.exe           000000000040A373  run_case                  279  test_pr73_species_combinations.f90
test.exe           0000000000407034  test_pr73_species          54  test_pr73_species_combinations.f90
test.exe           0000000000406F4D  Unknown               Unknown  Unknown
libc.so.6          000073A2E67871CA  Unknown               Unknown  Unknown
libc.so.6          000073A2E678728B  __libc_start_main     Unknown  Unknown
test.exe           0000000000406E35  Unknown               Unknown  Unknown
PR73_HISTORY 03 active_to_target
PR73_COMBO 03   1.1099287271499634E+00   5.0000000000000000E+08   3.8197184000000000E+08   1.0185915625000000E+05   9.9471838378906250E+02   2.7950653076171875E+02   5.7342234067618847E-03   0.0000000000000000E+00   0.0000000000000000E+00   9.9504810350481421E-05   1.6709762348909862E-05   0.0000000000000000E+00   8.8172588800000000E+08   0.0000000000000000E+00   0.0000000000000000E+00   1.0975458984375000E+03   0.0000000000000000E+00   0.0000000000000000E+00   2.4900000425986946E-06   4.9899999794433825E-06   2.0724844944197685E-04   4.1214886005036533E-04   4.1214886005036533E-04   1.9945462554460391E-05   1.9945462554460391E-05   4.8393830657005310E-02   0.0000000000000000E+00   0.0000000000000000E+00
EOS_INPUT   9.0000000000000000E+04   2.8000000000000000E+02   5.5341511033475399E-03   1.1099287271499634E+00   1.1160712242126465E+00
KDM6_NUMBER_WRAPPER CANDIDATE PASS
