forrtl: warning (406): fort: (1): In call to I/O Write routine, an array temporary was created for argument #1

Image              PC                Routine            Line        Source             
test.exe           0000000000483A7B  kdm62d                   1930  module_mp_kdm6.F
test.exe           00000000004260E8  kdm6                      975  module_mp_kdm6.F
test.exe           000000000040A373  run_case                  279  test_pr73_species_combinations.f90
test.exe           0000000000407034  test_pr73_species          54  test_pr73_species_combinations.f90
test.exe           0000000000406F4D  Unknown               Unknown  Unknown
libc.so.6          000072CD7B17F1CA  Unknown               Unknown  Unknown
libc.so.6          000072CD7B17F28B  __libc_start_main     Unknown  Unknown
test.exe           0000000000406E35  Unknown               Unknown  Unknown
forrtl: warning (406): fort: (1): In call to I/O Write routine, an array temporary was created for argument #1

Image              PC                Routine            Line        Source             
test.exe           00000000004AB896  kdm62d                   2125  module_mp_kdm6.F
test.exe           00000000004260E8  kdm6                      975  module_mp_kdm6.F
test.exe           000000000040A373  run_case                  279  test_pr73_species_combinations.f90
test.exe           0000000000407034  test_pr73_species          54  test_pr73_species_combinations.f90
test.exe           0000000000406F4D  Unknown               Unknown  Unknown
libc.so.6          000072CD7B17F1CA  Unknown               Unknown  Unknown
libc.so.6          000072CD7B17F28B  __libc_start_main     Unknown  Unknown
test.exe           0000000000406E35  Unknown               Unknown  Unknown
PR73_HISTORY 04 active_to_target
PR73_COMBO 04   1.2533320188522339E+00   5.0000000000000000E+08   3.8197184000000000E+08   1.0185915625000000E+05   9.9471838378906250E+02   2.4999978637695312E+02   4.2120879516005516E-04   0.0000000000000000E+00   1.9790475562331267E-05   0.0000000000000000E+00   1.9896000594599172E-05   0.0000000000000000E+00   4.9999996800000000E+08   0.0000000000000000E+00   1.0161927343750000E+05   0.0000000000000000E+00   0.0000000000000000E+00   0.0000000000000000E+00   2.4900000425986946E-06   1.0009999641624745E-05   1.1143273877678439E-04   2.9910876037320122E-05   2.9910876037320122E-05   2.9910876037320122E-05   2.9910876037320122E-05   9.9999994039535522E-01   0.0000000000000000E+00   0.0000000000000000E+00
EOS_INPUT   9.0000000000000000E+04   2.5000000000000000E+02   4.2113391100428998E-04   1.2533320188522339E+00   1.2538598775863647E+00
KDM6_NUMBER_WRAPPER CANDIDATE PASS
