 PR73_REFERENCE_MASK           0   1.000000       1.000000      2.0000000E-06
  4.0000000E-12  7.9999995E-18  4.0000000E-12  0.0000000E+00  2.8571429E-05
  5.5555556E-06  0.0000000E+00  5.4945053E-07  2.3160371E-04  7.0038736E-03
  0.0000000E+00  5.4945053E-07  8.1632651E-10  3.0864197E-11  0.0000000E+00
  3.0189588E-13  2.3323615E-14  1.7146776E-16  0.0000000E+00  1.6587685E-19
  2.3323615E-14  1.7146776E-16  0.0000000E+00  1.6587685E-19  2.8571429E-05
   1.000000      0.0000000E+00   1.000000      0.0000000E+00  0.0000000E+00
  0.0000000E+00  0.0000000E+00  0.0000000E+00  0.0000000E+00  0.0000000E+00
  0.0000000E+00  0.0000000E+00  0.0000000E+00  0.0000000E+00  0.0000000E+00
  0.0000000E+00  0.0000000E+00  0.0000000E+00  0.0000000E+00  0.0000000E+00
  0.0000000E+00  0.0000000E+00  0.0000000E+00  0.0000000E+00
 PR73_REFERENCE_MASK           1   1.000000       1.000000      2.0000000E-06
  4.0000000E-12  7.9999995E-18  4.0000000E-12  0.0000000E+00  1.9963230E-04
  5.5555556E-06  0.0000000E+00  5.4945053E-07  1.0969443E-03  7.0038736E-03
  0.0000000E+00  5.4945053E-07  3.9853052E-08  3.0864197E-11  0.0000000E+00
  3.0189588E-13  7.9559562E-12  1.7146776E-16  0.0000000E+00  1.6587685E-19
  7.9559571E-12  1.7146776E-16  0.0000000E+00  1.6587685E-19  1.9963230E-04
   1.000000      0.0000000E+00   1.000000       3.727546      0.0000000E+00
  0.0000000E+00  0.0000000E+00   1.751666      0.0000000E+00  0.0000000E+00
  0.0000000E+00  0.0000000E+00  0.0000000E+00  0.0000000E+00  0.0000000E+00
  9.9999997E-05  0.0000000E+00  0.0000000E+00   994.7184      0.0000000E+00
  0.0000000E+00  0.0000000E+00  0.0000000E+00  0.0000000E+00
 PR73_REFERENCE_MASK           2   1.000000       1.000000      9.9816143E-06
  9.9632622E-11  9.9449440E-16  9.9632622E-11  9.9449440E-16  2.8571429E-05
  5.5555556E-06  0.0000000E+00  5.4945053E-07  2.3160371E-04  7.0038736E-03
  0.0000000E+00  5.4945053E-07  8.1632651E-10  3.0864197E-11  0.0000000E+00
  3.0189588E-13  2.3323615E-14  1.7146776E-16  0.0000000E+00  1.6587685E-19
  2.3323615E-14  1.7146776E-16  0.0000000E+00  1.6587685E-19  2.8571429E-05
   1.000000      0.0000000E+00   1.000000      0.0000000E+00  0.0000000E+00
  0.0000000E+00  0.0000000E+00  0.0000000E+00  0.0000000E+00  0.0000000E+00
  0.0000000E+00  0.0000000E+00  0.0000000E+00  0.0000000E+00  0.0000000E+00
  0.0000000E+00  0.0000000E+00  0.0000000E+00  0.0000000E+00  1.9999999E-04
  0.0000000E+00  3.8197184E+08  0.0000000E+00  0.0000000E+00
 PR73_REFERENCE_MASK           3   1.000000       1.000000      9.9816143E-06
  9.9632622E-11  9.9449440E-16  9.9632622E-11  9.9449440E-16  1.9963230E-04
  5.5555556E-06  0.0000000E+00  5.4945053E-07  1.0969443E-03  7.0038736E-03
  0.0000000E+00  5.4945053E-07  3.9853052E-08  3.0864197E-11  0.0000000E+00
  3.0189588E-13  7.9559562E-12  1.7146776E-16  0.0000000E+00  1.6587685E-19
  7.9559571E-12  1.7146776E-16  0.0000000E+00  1.6587685E-19  1.9963230E-04
   1.000000      0.0000000E+00   1.000000       3.727546      0.0000000E+00
  0.0000000E+00  0.0000000E+00   1.751666      0.0000000E+00  0.0000000E+00
  0.0000000E+00  0.0000000E+00  0.0000000E+00  0.0000000E+00  0.0000000E+00
  9.9999997E-05  0.0000000E+00  0.0000000E+00   994.7184      1.9999999E-04
  0.0000000E+00  3.8197184E+08  0.0000000E+00  0.0000000E+00
 PR73_REFERENCE_MASK           4   1.000000       1.000000      2.0000000E-06
  4.0000000E-12  7.9999995E-18  4.0000000E-12  0.0000000E+00  2.8571429E-05
  5.5555556E-06  0.0000000E+00  4.9908074E-05  2.3160371E-04  7.0038736E-03
  0.0000000E+00  4.9908074E-05  8.1632651E-10  3.0864197E-11  0.0000000E+00
  2.4908158E-09  2.3323615E-14  1.7146776E-16  0.0000000E+00  1.2431182E-13
  2.3323615E-14  1.7146776E-16  0.0000000E+00  1.2431183E-13  2.8571429E-05
   1.000000      0.0000000E+00   1.000000      0.0000000E+00  0.0000000E+00
  0.0000000E+00  0.6120756      0.0000000E+00  0.1530189      0.0000000E+00
  0.0000000E+00  0.0000000E+00  0.0000000E+00  0.0000000E+00  0.0000000E+00
  0.0000000E+00  0.0000000E+00  0.0000000E+00  0.0000000E+00  0.0000000E+00
  1.9999999E-05  0.0000000E+00   101859.2      0.0000000E+00
 PR73_REFERENCE_MASK           5   1.000000       1.000000      2.0000000E-06
  4.0000000E-12  7.9999995E-18  4.0000000E-12  0.0000000E+00  1.9963230E-04
  5.5555556E-06  0.0000000E+00  4.9908074E-05  1.0969443E-03  7.0038736E-03
  0.0000000E+00  4.9908074E-05  3.9853052E-08  3.0864197E-11  0.0000000E+00
  2.4908158E-09  7.9559562E-12  1.7146776E-16  0.0000000E+00  1.2431182E-13
  7.9559571E-12  1.7146776E-16  0.0000000E+00  1.2431183E-13  1.9963230E-04
   1.000000      0.0000000E+00   1.000000       3.727546      0.0000000E+00
  0.0000000E+00  0.6120756       1.751666      0.1530189      0.0000000E+00
  0.0000000E+00  0.0000000E+00  0.0000000E+00  0.0000000E+00  0.0000000E+00
  9.9999997E-05  0.0000000E+00  0.0000000E+00   994.7184      0.0000000E+00
  1.9999999E-05  0.0000000E+00   101859.2      0.0000000E+00
 PR73_REFERENCE_MASK           6   1.000000       1.000000      9.9816143E-06
  9.9632622E-11  9.9449440E-16  9.9632622E-11  9.9449440E-16  2.8571429E-05
  5.5555556E-06  0.0000000E+00  4.9908074E-05  2.3160371E-04  7.0038736E-03
  0.0000000E+00  4.9908074E-05  8.1632651E-10  3.0864197E-11  0.0000000E+00
  2.4908158E-09  2.3323615E-14  1.7146776E-16  0.0000000E+00  1.2431182E-13
  2.3323615E-14  1.7146776E-16  0.0000000E+00  1.2431183E-13  2.8571429E-05
   1.000000      0.0000000E+00   1.000000      0.0000000E+00  0.0000000E+00
  0.0000000E+00  0.6120756      0.0000000E+00  0.1530189      0.0000000E+00
  0.0000000E+00  0.0000000E+00  0.0000000E+00  0.0000000E+00  0.0000000E+00
  0.0000000E+00  0.0000000E+00  0.0000000E+00  0.0000000E+00  1.9999999E-04
  1.9999999E-05  3.8197184E+08   101859.2      0.0000000E+00
 PR73_REFERENCE_MASK           7   1.000000       1.000000      9.9816143E-06
  9.9632622E-11  9.9449440E-16  9.9632622E-11  9.9449440E-16  1.9963230E-04
  5.5555556E-06  0.0000000E+00  4.9908074E-05  1.0969443E-03  7.0038736E-03
  0.0000000E+00  4.9908074E-05  3.9853052E-08  3.0864197E-11  0.0000000E+00
  2.4908158E-09  7.9559562E-12  1.7146776E-16  0.0000000E+00  1.2431182E-13
  7.9559571E-12  1.7146776E-16  0.0000000E+00  1.2431183E-13  1.9963230E-04
   1.000000      0.0000000E+00   1.000000       3.727546      0.0000000E+00
  0.0000000E+00  0.6120756       1.751666      0.1530189      0.0000000E+00
  0.0000000E+00  0.0000000E+00  0.0000000E+00  0.0000000E+00  0.0000000E+00
  9.9999997E-05  0.0000000E+00  0.0000000E+00   994.7184      1.9999999E-04
  1.9999999E-05  3.8197184E+08   101859.2      0.0000000E+00
 PR73_REFERENCE_MASK           8   1.000000       1.000000      2.0000000E-06
  4.0000000E-12  7.9999995E-18  4.0000000E-12  0.0000000E+00  2.8571429E-05
  5.5555556E-06  2.5080773E-04  5.4945053E-07  2.3160371E-04  7.0038736E-03
  1.2186798E-02  5.4945053E-07  8.1632651E-10  3.0864197E-11  6.2904519E-08
  3.0189588E-13  2.3323615E-14  1.7146776E-16  1.5776939E-11  1.6587685E-19
  2.3323615E-14  1.7146776E-16  1.5776939E-11  1.6587685E-19  2.8571429E-05
   1.000000       1.000000       1.000000      0.0000000E+00  0.0000000E+00
   2.822279      0.0000000E+00  0.0000000E+00  0.0000000E+00   400.0000    
  5.0265487E+09   204.6941      0.5316000      1.6080411E-03   2.000000    
  0.0000000E+00  0.0000000E+00  1.9999999E-05  0.0000000E+00  0.0000000E+00
  0.0000000E+00  0.0000000E+00  0.0000000E+00  4.9999997E-08
 PR73_REFERENCE_MASK           9   1.000000       1.000000      2.0000000E-06
  4.0000000E-12  7.9999995E-18  4.0000000E-12  0.0000000E+00  1.9963230E-04
  5.5555556E-06  2.5080773E-04  5.4945053E-07  1.0969443E-03  7.0038736E-03
  1.2186798E-02  5.4945053E-07  3.9853052E-08  3.0864197E-11  6.2904519E-08
  3.0189588E-13  7.9559562E-12  1.7146776E-16  1.5776939E-11  1.6587685E-19
  7.9559571E-12  1.7146776E-16  1.5776939E-11  1.6587685E-19  1.9963230E-04
   1.000000       1.000000       1.000000       3.727546      0.0000000E+00
   2.822279      0.0000000E+00   1.751666      0.0000000E+00   400.0000    
  5.0265487E+09   204.6941      0.5316000      1.6080411E-03   2.000000    
  9.9999997E-05  0.0000000E+00  1.9999999E-05   994.7184      0.0000000E+00
  0.0000000E+00  0.0000000E+00  0.0000000E+00  4.9999997E-08
 PR73_REFERENCE_MASK          10   1.000000       1.000000      9.9816143E-06
  9.9632622E-11  9.9449440E-16  9.9632622E-11  9.9449440E-16  2.8571429E-05
  5.5555556E-06  2.5080773E-04  5.4945053E-07  2.3160371E-04  7.0038736E-03
  1.2186798E-02  5.4945053E-07  8.1632651E-10  3.0864197E-11  6.2904519E-08
  3.0189588E-13  2.3323615E-14  1.7146776E-16  1.5776939E-11  1.6587685E-19
  2.3323615E-14  1.7146776E-16  1.5776939E-11  1.6587685E-19  2.8571429E-05
   1.000000       1.000000       1.000000      0.0000000E+00  0.0000000E+00
   2.822279      0.0000000E+00  0.0000000E+00  0.0000000E+00   400.0000    
  5.0265487E+09   204.6941      0.5316000      1.6080411E-03   2.000000    
  0.0000000E+00  0.0000000E+00  1.9999999E-05  0.0000000E+00  1.9999999E-04
  0.0000000E+00  3.8197184E+08  0.0000000E+00  4.9999997E-08
 PR73_REFERENCE_MASK          11   1.000000       1.000000      9.9816143E-06
  9.9632622E-11  9.9449440E-16  9.9632622E-11  9.9449440E-16  1.9963230E-04
  5.5555556E-06  2.5080773E-04  5.4945053E-07  1.0969443E-03  7.0038736E-03
  1.2186798E-02  5.4945053E-07  3.9853052E-08  3.0864197E-11  6.2904519E-08
  3.0189588E-13  7.9559562E-12  1.7146776E-16  1.5776939E-11  1.6587685E-19
  7.9559571E-12  1.7146776E-16  1.5776939E-11  1.6587685E-19  1.9963230E-04
   1.000000       1.000000       1.000000       3.727546      0.0000000E+00
   2.822279      0.0000000E+00   1.751666      0.0000000E+00   400.0000    
  5.0265487E+09   204.6941      0.5316000      1.6080411E-03   2.000000    
  9.9999997E-05  0.0000000E+00  1.9999999E-05   994.7184      1.9999999E-04
  0.0000000E+00  3.8197184E+08  0.0000000E+00  4.9999997E-08
 PR73_REFERENCE_MASK          12   1.000000       1.000000      2.0000000E-06
  4.0000000E-12  7.9999995E-18  4.0000000E-12  0.0000000E+00  2.8571429E-05
  5.5555556E-06  2.5080773E-04  4.9908074E-05  2.3160371E-04  7.0038736E-03
  1.2186798E-02  4.9908074E-05  8.1632651E-10  3.0864197E-11  6.2904519E-08
  2.4908158E-09  2.3323615E-14  1.7146776E-16  1.5776939E-11  1.2431182E-13
  2.3323615E-14  1.7146776E-16  1.5776939E-11  1.2431183E-13  2.8571429E-05
   1.000000       1.000000       1.000000      0.0000000E+00  0.0000000E+00
   2.822279      0.6120756      0.0000000E+00  0.1530189       400.0000    
  5.0265487E+09   204.6941      0.5316000      1.6080411E-03   2.000000    
  0.0000000E+00  0.0000000E+00  1.9999999E-05  0.0000000E+00  0.0000000E+00
  1.9999999E-05  0.0000000E+00   101859.2      4.9999997E-08
 PR73_REFERENCE_MASK          13   1.000000       1.000000      2.0000000E-06
  4.0000000E-12  7.9999995E-18  4.0000000E-12  0.0000000E+00  1.9963230E-04
  5.5555556E-06  2.5080773E-04  4.9908074E-05  1.0969443E-03  7.0038736E-03
  1.2186798E-02  4.9908074E-05  3.9853052E-08  3.0864197E-11  6.2904519E-08
  2.4908158E-09  7.9559562E-12  1.7146776E-16  1.5776939E-11  1.2431182E-13
  7.9559571E-12  1.7146776E-16  1.5776939E-11  1.2431183E-13  1.9963230E-04
   1.000000       1.000000       1.000000       3.727546      0.0000000E+00
   2.822279      0.6120756       1.751666      0.1530189       400.0000    
  5.0265487E+09   204.6941      0.5316000      1.6080411E-03   2.000000    
  9.9999997E-05  0.0000000E+00  1.9999999E-05   994.7184      0.0000000E+00
  1.9999999E-05  0.0000000E+00   101859.2      4.9999997E-08
 PR73_REFERENCE_MASK          14   1.000000       1.000000      9.9816143E-06
  9.9632622E-11  9.9449440E-16  9.9632622E-11  9.9449440E-16  2.8571429E-05
  5.5555556E-06  2.5080773E-04  4.9908074E-05  2.3160371E-04  7.0038736E-03
  1.2186798E-02  4.9908074E-05  8.1632651E-10  3.0864197E-11  6.2904519E-08
  2.4908158E-09  2.3323615E-14  1.7146776E-16  1.5776939E-11  1.2431182E-13
  2.3323615E-14  1.7146776E-16  1.5776939E-11  1.2431183E-13  2.8571429E-05
   1.000000       1.000000       1.000000      0.0000000E+00  0.0000000E+00
   2.822279      0.6120756      0.0000000E+00  0.1530189       400.0000    
  5.0265487E+09   204.6941      0.5316000      1.6080411E-03   2.000000    
  0.0000000E+00  0.0000000E+00  1.9999999E-05  0.0000000E+00  1.9999999E-04
  1.9999999E-05  3.8197184E+08   101859.2      4.9999997E-08
 PR73_REFERENCE_MASK          15   1.000000       1.000000      9.9816143E-06
  9.9632622E-11  9.9449440E-16  9.9632622E-11  9.9449440E-16  1.9963230E-04
  5.5555556E-06  2.5080773E-04  4.9908074E-05  1.0969443E-03  7.0038736E-03
  1.2186798E-02  4.9908074E-05  3.9853052E-08  3.0864197E-11  6.2904519E-08
  2.4908158E-09  7.9559562E-12  1.7146776E-16  1.5776939E-11  1.2431182E-13
  7.9559571E-12  1.7146776E-16  1.5776939E-11  1.2431183E-13  1.9963230E-04
   1.000000       1.000000       1.000000       3.727546      0.0000000E+00
   2.822279      0.6120756       1.751666      0.1530189       400.0000    
  5.0265487E+09   204.6941      0.5316000      1.6080411E-03   2.000000    
  9.9999997E-05  0.0000000E+00  1.9999999E-05   994.7184      1.9999999E-04
  1.9999999E-05  3.8197184E+08   101859.2      4.9999997E-08
 PR73_REENTRY_MASK           0   1.000000       1.000000      2.0000000E-06
  4.0000000E-12  7.9999995E-18  4.0000000E-12  0.0000000E+00  2.8571429E-05
  5.5555556E-06  0.0000000E+00  5.4945053E-07  2.3160371E-04  7.0038736E-03
  0.0000000E+00  5.4945053E-07  8.1632651E-10  3.0864197E-11  0.0000000E+00
  3.0189588E-13  2.3323615E-14  1.7146776E-16  0.0000000E+00  1.6587685E-19
  2.3323615E-14  1.7146776E-16  0.0000000E+00  1.6587685E-19  2.8571429E-05
   1.000000      0.0000000E+00   1.000000      0.0000000E+00  0.0000000E+00
  0.0000000E+00  0.0000000E+00  0.0000000E+00  0.0000000E+00  0.0000000E+00
  0.0000000E+00  0.0000000E+00  0.0000000E+00  0.0000000E+00  0.0000000E+00
  0.0000000E+00  0.0000000E+00  0.0000000E+00  0.0000000E+00  0.0000000E+00
  0.0000000E+00  0.0000000E+00  0.0000000E+00  0.0000000E+00
 PR73_REENTRY_MASK           1   1.000000       1.000000      2.0000000E-06
  4.0000000E-12  7.9999995E-18  4.0000000E-12  0.0000000E+00  1.9963230E-04
  5.5555556E-06  0.0000000E+00  5.4945053E-07  1.0969443E-03  7.0038736E-03
  0.0000000E+00  5.4945053E-07  3.9853052E-08  3.0864197E-11  0.0000000E+00
  3.0189588E-13  7.9559562E-12  1.7146776E-16  0.0000000E+00  1.6587685E-19
  7.9559571E-12  1.7146776E-16  0.0000000E+00  1.6587685E-19  1.9963230E-04
   1.000000      0.0000000E+00   1.000000       3.727546      0.0000000E+00
  0.0000000E+00  0.0000000E+00   1.751666      0.0000000E+00  0.0000000E+00
  0.0000000E+00  0.0000000E+00  0.0000000E+00  0.0000000E+00  0.0000000E+00
  9.9999997E-05  0.0000000E+00  0.0000000E+00   994.7184      0.0000000E+00
  0.0000000E+00  0.0000000E+00  0.0000000E+00  0.0000000E+00
 PR73_REENTRY_MASK           2   1.000000       1.000000      9.9816143E-06
  9.9632622E-11  9.9449440E-16  9.9632622E-11  9.9449440E-16  2.8571429E-05
  5.5555556E-06  0.0000000E+00  5.4945053E-07  2.3160371E-04  7.0038736E-03
  0.0000000E+00  5.4945053E-07  8.1632651E-10  3.0864197E-11  0.0000000E+00
  3.0189588E-13  2.3323615E-14  1.7146776E-16  0.0000000E+00  1.6587685E-19
  2.3323615E-14  1.7146776E-16  0.0000000E+00  1.6587685E-19  2.8571429E-05
   1.000000      0.0000000E+00   1.000000      0.0000000E+00  0.0000000E+00
  0.0000000E+00  0.0000000E+00  0.0000000E+00  0.0000000E+00  0.0000000E+00
  0.0000000E+00  0.0000000E+00  0.0000000E+00  0.0000000E+00  0.0000000E+00
  0.0000000E+00  0.0000000E+00  0.0000000E+00  0.0000000E+00  1.9999999E-04
  0.0000000E+00  3.8197184E+08  0.0000000E+00  0.0000000E+00
 PR73_REENTRY_MASK           3   1.000000       1.000000      9.9816143E-06
  9.9632622E-11  9.9449440E-16  9.9632622E-11  9.9449440E-16  1.9963230E-04
  5.5555556E-06  0.0000000E+00  5.4945053E-07  1.0969443E-03  7.0038736E-03
  0.0000000E+00  5.4945053E-07  3.9853052E-08  3.0864197E-11  0.0000000E+00
  3.0189588E-13  7.9559562E-12  1.7146776E-16  0.0000000E+00  1.6587685E-19
  7.9559571E-12  1.7146776E-16  0.0000000E+00  1.6587685E-19  1.9963230E-04
   1.000000      0.0000000E+00   1.000000       3.727546      0.0000000E+00
  0.0000000E+00  0.0000000E+00   1.751666      0.0000000E+00  0.0000000E+00
  0.0000000E+00  0.0000000E+00  0.0000000E+00  0.0000000E+00  0.0000000E+00
  9.9999997E-05  0.0000000E+00  0.0000000E+00   994.7184      1.9999999E-04
  0.0000000E+00  3.8197184E+08  0.0000000E+00  0.0000000E+00
 PR73_REENTRY_MASK           4   1.000000       1.000000      2.0000000E-06
  4.0000000E-12  7.9999995E-18  4.0000000E-12  0.0000000E+00  2.8571429E-05
  5.5555556E-06  0.0000000E+00  4.9908074E-05  2.3160371E-04  7.0038736E-03
  0.0000000E+00  4.9908074E-05  8.1632651E-10  3.0864197E-11  0.0000000E+00
  2.4908158E-09  2.3323615E-14  1.7146776E-16  0.0000000E+00  1.2431182E-13
  2.3323615E-14  1.7146776E-16  0.0000000E+00  1.2431183E-13  2.8571429E-05
   1.000000      0.0000000E+00   1.000000      0.0000000E+00  0.0000000E+00
  0.0000000E+00  0.6120756      0.0000000E+00  0.1530189      0.0000000E+00
  0.0000000E+00  0.0000000E+00  0.0000000E+00  0.0000000E+00  0.0000000E+00
  0.0000000E+00  0.0000000E+00  0.0000000E+00  0.0000000E+00  0.0000000E+00
  1.9999999E-05  0.0000000E+00   101859.2      0.0000000E+00
 PR73_REENTRY_MASK           5   1.000000       1.000000      2.0000000E-06
  4.0000000E-12  7.9999995E-18  4.0000000E-12  0.0000000E+00  1.9963230E-04
  5.5555556E-06  0.0000000E+00  4.9908074E-05  1.0969443E-03  7.0038736E-03
  0.0000000E+00  4.9908074E-05  3.9853052E-08  3.0864197E-11  0.0000000E+00
  2.4908158E-09  7.9559562E-12  1.7146776E-16  0.0000000E+00  1.2431182E-13
  7.9559571E-12  1.7146776E-16  0.0000000E+00  1.2431183E-13  1.9963230E-04
   1.000000      0.0000000E+00   1.000000       3.727546      0.0000000E+00
  0.0000000E+00  0.6120756       1.751666      0.1530189      0.0000000E+00
  0.0000000E+00  0.0000000E+00  0.0000000E+00  0.0000000E+00  0.0000000E+00
  9.9999997E-05  0.0000000E+00  0.0000000E+00   994.7184      0.0000000E+00
  1.9999999E-05  0.0000000E+00   101859.2      0.0000000E+00
 PR73_REENTRY_MASK           6   1.000000       1.000000      9.9816143E-06
  9.9632622E-11  9.9449440E-16  9.9632622E-11  9.9449440E-16  2.8571429E-05
  5.5555556E-06  0.0000000E+00  4.9908074E-05  2.3160371E-04  7.0038736E-03
  0.0000000E+00  4.9908074E-05  8.1632651E-10  3.0864197E-11  0.0000000E+00
  2.4908158E-09  2.3323615E-14  1.7146776E-16  0.0000000E+00  1.2431182E-13
  2.3323615E-14  1.7146776E-16  0.0000000E+00  1.2431183E-13  2.8571429E-05
   1.000000      0.0000000E+00   1.000000      0.0000000E+00  0.0000000E+00
  0.0000000E+00  0.6120756      0.0000000E+00  0.1530189      0.0000000E+00
  0.0000000E+00  0.0000000E+00  0.0000000E+00  0.0000000E+00  0.0000000E+00
  0.0000000E+00  0.0000000E+00  0.0000000E+00  0.0000000E+00  1.9999999E-04
  1.9999999E-05  3.8197184E+08   101859.2      0.0000000E+00
 PR73_REENTRY_MASK           7   1.000000       1.000000      9.9816143E-06
  9.9632622E-11  9.9449440E-16  9.9632622E-11  9.9449440E-16  1.9963230E-04
  5.5555556E-06  0.0000000E+00  4.9908074E-05  1.0969443E-03  7.0038736E-03
  0.0000000E+00  4.9908074E-05  3.9853052E-08  3.0864197E-11  0.0000000E+00
  2.4908158E-09  7.9559562E-12  1.7146776E-16  0.0000000E+00  1.2431182E-13
  7.9559571E-12  1.7146776E-16  0.0000000E+00  1.2431183E-13  1.9963230E-04
   1.000000      0.0000000E+00   1.000000       3.727546      0.0000000E+00
  0.0000000E+00  0.6120756       1.751666      0.1530189      0.0000000E+00
  0.0000000E+00  0.0000000E+00  0.0000000E+00  0.0000000E+00  0.0000000E+00
  9.9999997E-05  0.0000000E+00  0.0000000E+00   994.7184      1.9999999E-04
  1.9999999E-05  3.8197184E+08   101859.2      0.0000000E+00
 PR73_REENTRY_MASK           8   1.000000       1.000000      2.0000000E-06
  4.0000000E-12  7.9999995E-18  4.0000000E-12  0.0000000E+00  2.8571429E-05
  5.5555556E-06  2.5080773E-04  5.4945053E-07  2.3160371E-04  7.0038736E-03
  1.2186798E-02  5.4945053E-07  8.1632651E-10  3.0864197E-11  6.2904519E-08
  3.0189588E-13  2.3323615E-14  1.7146776E-16  1.5776939E-11  1.6587685E-19
  2.3323615E-14  1.7146776E-16  1.5776939E-11  1.6587685E-19  2.8571429E-05
   1.000000       1.000000       1.000000      0.0000000E+00  0.0000000E+00
   2.822279      0.0000000E+00  0.0000000E+00  0.0000000E+00   400.0000    
  5.0265487E+09   204.6941      0.5316000      1.6080411E-03   2.000000    
  0.0000000E+00  0.0000000E+00  1.9999999E-05  0.0000000E+00  0.0000000E+00
  0.0000000E+00  0.0000000E+00  0.0000000E+00  4.9999997E-08
 PR73_REENTRY_MASK           9   1.000000       1.000000      2.0000000E-06
  4.0000000E-12  7.9999995E-18  4.0000000E-12  0.0000000E+00  1.9963230E-04
  5.5555556E-06  2.5080773E-04  5.4945053E-07  1.0969443E-03  7.0038736E-03
  1.2186798E-02  5.4945053E-07  3.9853052E-08  3.0864197E-11  6.2904519E-08
  3.0189588E-13  7.9559562E-12  1.7146776E-16  1.5776939E-11  1.6587685E-19
  7.9559571E-12  1.7146776E-16  1.5776939E-11  1.6587685E-19  1.9963230E-04
   1.000000       1.000000       1.000000       3.727546      0.0000000E+00
   2.822279      0.0000000E+00   1.751666      0.0000000E+00   400.0000    
  5.0265487E+09   204.6941      0.5316000      1.6080411E-03   2.000000    
  9.9999997E-05  0.0000000E+00  1.9999999E-05   994.7184      0.0000000E+00
  0.0000000E+00  0.0000000E+00  0.0000000E+00  4.9999997E-08
 PR73_REENTRY_MASK          10   1.000000       1.000000      9.9816143E-06
  9.9632622E-11  9.9449440E-16  9.9632622E-11  9.9449440E-16  2.8571429E-05
  5.5555556E-06  2.5080773E-04  5.4945053E-07  2.3160371E-04  7.0038736E-03
  1.2186798E-02  5.4945053E-07  8.1632651E-10  3.0864197E-11  6.2904519E-08
  3.0189588E-13  2.3323615E-14  1.7146776E-16  1.5776939E-11  1.6587685E-19
  2.3323615E-14  1.7146776E-16  1.5776939E-11  1.6587685E-19  2.8571429E-05
   1.000000       1.000000       1.000000      0.0000000E+00  0.0000000E+00
   2.822279      0.0000000E+00  0.0000000E+00  0.0000000E+00   400.0000    
  5.0265487E+09   204.6941      0.5316000      1.6080411E-03   2.000000    
  0.0000000E+00  0.0000000E+00  1.9999999E-05  0.0000000E+00  1.9999999E-04
  0.0000000E+00  3.8197184E+08  0.0000000E+00  4.9999997E-08
 PR73_REENTRY_MASK          11   1.000000       1.000000      9.9816143E-06
  9.9632622E-11  9.9449440E-16  9.9632622E-11  9.9449440E-16  1.9963230E-04
  5.5555556E-06  2.5080773E-04  5.4945053E-07  1.0969443E-03  7.0038736E-03
  1.2186798E-02  5.4945053E-07  3.9853052E-08  3.0864197E-11  6.2904519E-08
  3.0189588E-13  7.9559562E-12  1.7146776E-16  1.5776939E-11  1.6587685E-19
  7.9559571E-12  1.7146776E-16  1.5776939E-11  1.6587685E-19  1.9963230E-04
   1.000000       1.000000       1.000000       3.727546      0.0000000E+00
   2.822279      0.0000000E+00   1.751666      0.0000000E+00   400.0000    
  5.0265487E+09   204.6941      0.5316000      1.6080411E-03   2.000000    
  9.9999997E-05  0.0000000E+00  1.9999999E-05   994.7184      1.9999999E-04
  0.0000000E+00  3.8197184E+08  0.0000000E+00  4.9999997E-08
 PR73_REENTRY_MASK          12   1.000000       1.000000      2.0000000E-06
  4.0000000E-12  7.9999995E-18  4.0000000E-12  0.0000000E+00  2.8571429E-05
  5.5555556E-06  2.5080773E-04  4.9908074E-05  2.3160371E-04  7.0038736E-03
  1.2186798E-02  4.9908074E-05  8.1632651E-10  3.0864197E-11  6.2904519E-08
  2.4908158E-09  2.3323615E-14  1.7146776E-16  1.5776939E-11  1.2431182E-13
  2.3323615E-14  1.7146776E-16  1.5776939E-11  1.2431183E-13  2.8571429E-05
   1.000000       1.000000       1.000000      0.0000000E+00  0.0000000E+00
   2.822279      0.6120756      0.0000000E+00  0.1530189       400.0000    
  5.0265487E+09   204.6941      0.5316000      1.6080411E-03   2.000000    
  0.0000000E+00  0.0000000E+00  1.9999999E-05  0.0000000E+00  0.0000000E+00
  1.9999999E-05  0.0000000E+00   101859.2      4.9999997E-08
 PR73_REENTRY_MASK          13   1.000000       1.000000      2.0000000E-06
  4.0000000E-12  7.9999995E-18  4.0000000E-12  0.0000000E+00  1.9963230E-04
  5.5555556E-06  2.5080773E-04  4.9908074E-05  1.0969443E-03  7.0038736E-03
  1.2186798E-02  4.9908074E-05  3.9853052E-08  3.0864197E-11  6.2904519E-08
  2.4908158E-09  7.9559562E-12  1.7146776E-16  1.5776939E-11  1.2431182E-13
  7.9559571E-12  1.7146776E-16  1.5776939E-11  1.2431183E-13  1.9963230E-04
   1.000000       1.000000       1.000000       3.727546      0.0000000E+00
   2.822279      0.6120756       1.751666      0.1530189       400.0000    
  5.0265487E+09   204.6941      0.5316000      1.6080411E-03   2.000000    
  9.9999997E-05  0.0000000E+00  1.9999999E-05   994.7184      0.0000000E+00
  1.9999999E-05  0.0000000E+00   101859.2      4.9999997E-08
 PR73_REENTRY_MASK          14   1.000000       1.000000      9.9816143E-06
  9.9632622E-11  9.9449440E-16  9.9632622E-11  9.9449440E-16  2.8571429E-05
  5.5555556E-06  2.5080773E-04  4.9908074E-05  2.3160371E-04  7.0038736E-03
  1.2186798E-02  4.9908074E-05  8.1632651E-10  3.0864197E-11  6.2904519E-08
  2.4908158E-09  2.3323615E-14  1.7146776E-16  1.5776939E-11  1.2431182E-13
  2.3323615E-14  1.7146776E-16  1.5776939E-11  1.2431183E-13  2.8571429E-05
   1.000000       1.000000       1.000000      0.0000000E+00  0.0000000E+00
   2.822279      0.6120756      0.0000000E+00  0.1530189       400.0000    
  5.0265487E+09   204.6941      0.5316000      1.6080411E-03   2.000000    
  0.0000000E+00  0.0000000E+00  1.9999999E-05  0.0000000E+00  1.9999999E-04
  1.9999999E-05  3.8197184E+08   101859.2      4.9999997E-08
 PR73_REENTRY_MASK          15   1.000000       1.000000      9.9816143E-06
  9.9632622E-11  9.9449440E-16  9.9632622E-11  9.9449440E-16  1.9963230E-04
  5.5555556E-06  2.5080773E-04  4.9908074E-05  1.0969443E-03  7.0038736E-03
  1.2186798E-02  4.9908074E-05  3.9853052E-08  3.0864197E-11  6.2904519E-08
  2.4908158E-09  7.9559562E-12  1.7146776E-16  1.5776939E-11  1.2431182E-13
  7.9559571E-12  1.7146776E-16  1.5776939E-11  1.2431183E-13  1.9963230E-04
   1.000000       1.000000       1.000000       3.727546      0.0000000E+00
   2.822279      0.6120756       1.751666      0.1530189       400.0000    
  5.0265487E+09   204.6941      0.5316000      1.6080411E-03   2.000000    
  9.9999997E-05  0.0000000E+00  1.9999999E-05   994.7184      1.9999999E-04
  1.9999999E-05  3.8197184E+08   101859.2      4.9999997E-08
PR73_ACTUAL_KDM6_PROPERTY_MATRIX PASS
